Syncing binary and assets...
  ✓ Binary copied (from x86_64-pc-windows-gnu)
  ✓ Shaders synced
  ✓ Assets synced
  ✓ Scenes synced
================================================
Running rusty_renderer with Proton
================================================
Proton: /home/matpii01/.local/share/Steam/steamapps/common/Proton 9.0 (Beta)
VKD3D Debug: warn
Arguments: --scene cube --headless --frames 1
================================================

wine: using kernel write watches, use_kernel_writewatch 1.
fsync: up and running.
wine: using kernel write watches, use_kernel_writewatch 1.
wine: using kernel write watches, use_kernel_writewatch 1.
wine: using kernel write watches, use_kernel_writewatch 1.
wine: using kernel write watches, use_kernel_writewatch 1.
wine: using kernel write watches, use_kernel_writewatch 1.
wine: using kernel write watches, use_kernel_writewatch 1.
wine: using kernel write watches, use_kernel_writewatch 1.
wine: using kernel write watches, use_kernel_writewatch 1.
wine: using kernel write watches, use_kernel_writewatch 1.
wine: using kernel write watches, use_kernel_writewatch 1.
wine: using kernel write watches, use_kernel_writewatch 1.

================================================
Exit code: 2
================================================
