================================================
Running rusty_renderer with Proton
================================================
Proton: /home/matpii01/.local/share/Steam/steamapps/common/Proton 9.0 (Beta)
VKD3D Debug: warn
Arguments: --max-frames 3 --scene scenes/gltf_textured.toml --pipeline forward --headless
================================================

wine: using kernel write watches, use_kernel_writewatch 1.
fsync: up and running.
wine: using kernel write watches, use_kernel_writewatch 1.
wine: using kernel write watches, use_kernel_writewatch 1.
wine: using kernel write watches, use_kernel_writewatch 1.
wine: using kernel write watches, use_kernel_writewatch 1.
wine: using kernel write watches, use_kernel_writewatch 1.
wine: using kernel write watches, use_kernel_writewatch 1.
wine: using kernel write watches, use_kernel_writewatch 1.
wine: using kernel write watches, use_kernel_writewatch 1.
wine: using kernel write watches, use_kernel_writewatch 1.
wine: using kernel write watches, use_kernel_writewatch 1.
wine: using kernel write watches, use_kernel_writewatch 1.
4699.048:0130:0134:warn:vkd3d-proton:openvr_instance_extensions: Failed to open VR registry key, status 2.
4699.048:0130:0134:warn:vkd3d-proton:openxr_vulkan_extensions: Failed to get OpenXR extensions size from wineopenxr.
4699.048:0130:0134:info:vkd3d-proton:vkd3d_instance_apply_application_workarounds: Program name: "rusty_renderer.exe" (hash: 00e522d8f2bf47c0)
4699.048:0130:0134:info:vkd3d-proton:vkd3d_instance_deduce_config_flags_from_environment: shader_cache is used, global_pipeline_cache is enforced.
4699.048:0130:0134:info:vkd3d-proton:vkd3d_config_flags_init_once: VKD3D_CONFIG=''.
4699.067:0130:0134:info:vkd3d-proton:vkd3d_get_vk_version: vkd3d-proton - applicationVersion: 2.14.0.
4699.067:0130:0134:info:vkd3d-proton:vkd3d_instance_init: vkd3d-proton - build: d686616d170f510.
4699.081:0130:0134:warn:vkd3d-proton:openvr_device_extensions: Failed to open VR registry key, status 2.
4699.081:0130:0134:warn:vkd3d-proton:openxr_vulkan_extensions: Failed to get OpenXR extensions size from wineopenxr.
4699.114:0130:0134:warn:vkd3d-proton:d3d12_device_create_vkd3d_queues: Could not allocate an out of band queue for queue family 0. All out of band work will happen on the in band queue.
4699.114:0130:0134:warn:vkd3d-proton:d3d12_device_create_vkd3d_queues: Could not allocate an out of band queue for queue family 1. All out of band work will happen on the in band queue.
4699.114:0130:0134:warn:vkd3d-proton:d3d12_device_create_vkd3d_queues: Could not allocate an out of band queue for queue family 3. All out of band work will happen on the in band queue.
4699.114:0130:0134:info:vkd3d-proton:d3d12_device_init_workarounds: Detected Linux kernel version 6.14.4
4699.114:0130:0134:info:vkd3d-proton:d3d12_device_init_workarounds: AMDGPU broken kernel detected. Enabling manual memory clearing path.
4699.120:0130:0134:warn:vkd3d-proton:vkd3d_init_depth_stencil_formats: Mapping VK_FORMAT_D24_UNORM_S8_UINT to VK_FORMAT_D32_SFLOAT_S8_UINT.
4699.121:0130:0134:info:vkd3d-proton:vkd3d_memory_info_decide_hvv_usage: Topology: No more than 1 device local heap, HVV access is viable.
4699.121:0130:0134:info:vkd3d-proton:vkd3d_memory_info_upload_hvv_memory_properties: Topology: HVV usage is allowed, using DEVICE_LOCAL | HOST_COHERENT for UPLOAD.
4699.121:0130:0134:info:vkd3d-proton:vkd3d_memory_info_init_budgets: Applying resizable BAR budget to memory types: 0x218.
4699.121:0130:0134:info:vkd3d-proton:vkd3d_bindless_state_get_bindless_flags: Enabling fast paths for advanced ExecuteIndirect() graphics and compute (EXT_dgc).
4699.121:0130:0134:info:vkd3d-proton:vkd3d_bindless_state_get_bindless_flags: Device supports VK_EXT_mutable_descriptor_type.
4699.121:0130:0134:info:vkd3d-proton:vkd3d_bindless_state_get_bindless_flags: Device supports ultra-fast path for descriptor copies.
4699.121:0130:0134:info:vkd3d-proton:vkd3d_bindless_state_get_bindless_flags: Device supports packed metadata path for descriptor copies.
4699.121:0130:0134:info:vkd3d-proton:vkd3d_bindless_state_add_binding: Device supports VK_EXT_descriptor_buffer!
4699.121:0130:0134:info:vkd3d-proton:vkd3d_bindless_state_add_binding: Device supports VK_EXT_descriptor_buffer!
4699.121:0130:0134:info:vkd3d-proton:vkd3d_bindless_state_add_binding: Device supports VK_EXT_descriptor_buffer!
4699.123:0130:0134:info:vkd3d-proton:d3d12_device_caps_init_shader_model: Enabling support for SM 6.6.
4699.123:0130:0134:info:vkd3d-proton:d3d12_device_caps_init_shader_model: Enabling support for SM 6.7.
4699.123:0130:0134:info:vkd3d-proton:d3d12_device_caps_init_shader_model: Enabling support for SM 6.8.
4699.123:0130:0134:fixme:vkd3d-proton:d3d12_device_caps_init_feature_options1: TotalLaneCount = 768, may be inaccurate.
4699.123:0130:0134:info:vkd3d-proton:d3d12_device_determine_ray_tracing_tier: DXR support enabled.
4699.123:0130:0134:info:vkd3d-proton:d3d12_device_determine_ray_tracing_tier: DXR 1.1 support enabled.
4699.123:0130:0134:info:vkd3d-proton:d3d12_device_caps_init_feature_level: DX Ultimate supported!
4699.123:0130:0134:info:vkd3d-proton:vkd3d_pipeline_library_init_disk_cache: Remapping VKD3D_SHADER_CACHE to: vkd3d-proton.cache.
4699.123:0130:0134:info:vkd3d-proton:vkd3d_pipeline_library_init_disk_cache: Attempting to load disk cache from: vkd3d-proton.cache.
4699.124:0130:0158:info:vkd3d-proton:vkd3d_pipeline_library_disk_thread_main: Performing async setup of stream archive ...
4699.125:0130:0158:info:vkd3d-proton:vkd3d_pipeline_library_disk_cache_merge: No write cache exists. No need to merge any disk caches.
4699.125:0130:0158:info:vkd3d-proton:vkd3d_pipeline_library_disk_cache_initial_setup: Merging pipeline libraries took 0.234 ms.
4699.125:0130:0158:info:vkd3d-proton:vkd3d_pipeline_library_disk_cache_initial_setup: Mapping read-only cache took 0.292 ms.
4699.125:0130:0158:info:vkd3d-proton:vkd3d_pipeline_library_disk_cache_initial_setup: Parsing stream archive took 0.011 ms.
4699.125:0130:0158:info:vkd3d-proton:vkd3d_pipeline_library_disk_thread_main: Done performing async setup of stream archive.

================================================
Exit code: 0
================================================
