warning: rusty_renderer@0.1.0: Compiling shaders with glslangValidator
warning: rusty_renderer@0.1.0: Shaders compiled successfully with glslangValidator
warning: rusty_renderer@0.1.0: Shaders validated successfully with spirv-val
warning: unused import: `std::mem`
 --> src/backends/vulkan/shaders.rs:6:5
  |
6 | use std::mem;
  |     ^^^^^^^^
  |
  = note: `#[warn(unused_imports)]` on by default

warning: unused variable: `buffer_ref`
    --> src/backends/wgpu_backend/mod.rs:1852:13
     |
1852 |         let buffer_ref = unsafe { &*(buffer_ptr as *const WgpuBuffer) };
     |             ^^^^^^^^^^ help: if this is intentional, prefix it with an underscore: `_buffer_ref`
     |
     = note: `#[warn(unused_variables)]` on by default

warning: unused variable: `wgpu_index_format`
    --> src/backends/wgpu_backend/mod.rs:1854:13
     |
1854 |         let wgpu_index_format = match index_type {
     |             ^^^^^^^^^^^^^^^^^ help: if this is intentional, prefix it with an underscore: `_wgpu_index_format`

warning: unused variable: `offset`
    --> src/backends/wgpu_backend/mod.rs:1848:9
     |
1848 |         offset: u64,
     |         ^^^^^^ help: if this is intentional, prefix it with an underscore: `_offset`

warning: unused variable: `index_count`
    --> src/backends/wgpu_backend/mod.rs:1880:9
     |
1880 |         index_count: u32,
     |         ^^^^^^^^^^^ help: if this is intentional, prefix it with an underscore: `_index_count`

warning: unused variable: `instance_count`
    --> src/backends/wgpu_backend/mod.rs:1881:9
     |
1881 |         instance_count: u32,
     |         ^^^^^^^^^^^^^^ help: if this is intentional, prefix it with an underscore: `_instance_count`

warning: unused variable: `first_index`
    --> src/backends/wgpu_backend/mod.rs:1882:9
     |
1882 |         first_index: u32,
     |         ^^^^^^^^^^^ help: if this is intentional, prefix it with an underscore: `_first_index`

warning: unused variable: `first_instance`
    --> src/backends/wgpu_backend/mod.rs:1884:9
     |
1884 |         first_instance: u32,
     |         ^^^^^^^^^^^^^^ help: if this is intentional, prefix it with an underscore: `_first_instance`

warning: constant `VERTEX_SHADER` is never used
  --> src/backends/vulkan/shaders.rs:30:11
   |
30 | pub const VERTEX_SHADER: &[u32] = &[
   |           ^^^^^^^^^^^^^
   |
   = note: `#[warn(dead_code)]` on by default

warning: constant `FRAGMENT_SHADER` is never used
  --> src/backends/vulkan/shaders.rs:80:11
   |
80 | pub const FRAGMENT_SHADER: &[u32] = &[
   |           ^^^^^^^^^^^^^^^

warning: `rusty_renderer` (lib) generated 10 warnings (run `cargo fix --lib -p rusty_renderer` to apply 1 suggestion)
    Finished `release` profile [optimized] target(s) in 0.11s
     Running `target/release/rusty_renderer --backend wgpu --scene scenes/gltf_textured.toml --pipeline forward --max-frames 20`
Starting Rusty Renderer v0.1.0
Logging initialized
[2025-10-25T21:12:07Z INFO  rusty_renderer] Rusty Renderer v0.1.0
Parsing arguments...
Arguments parsed successfully
Running application...
[2025-10-25T21:12:07Z INFO  rusty_renderer::application::runner] Loading scene from: scenes/gltf_textured.toml
[2025-10-25T21:12:07Z INFO  rusty_renderer::scene::loader] Loading GLTF model: textured_cube from assets/models/textured_cube.gltf
[2025-10-25T21:12:07Z INFO  rusty_renderer::resources::gltf_loader] Loading GLTF file: /var/home/matpii01/rusty_renderer/assets/models/textured_cube.gltf
[2025-10-25T21:12:07Z INFO  rusty_renderer::resources::gltf_loader] Material has embedded texture: 256x256 (format: R8G8B8)
[2025-10-25T21:12:07Z INFO  rusty_renderer::resources::gltf_loader] Extracted embedded texture to: /var/home/matpii01/rusty_renderer/assets/models/.gltf_cache/textured_cube_mat0_basecolor.png
[2025-10-25T21:12:07Z INFO  rusty_renderer::resources::gltf_loader] Loaded GLTF: 1 objects, 1 materials
[2025-10-25T21:12:07Z INFO  rusty_renderer::application::runner] Scene loaded: Textured GLTF Cube
[2025-10-25T21:12:07Z INFO  rusty_renderer::application::runner]   Objects: 1
[2025-10-25T21:12:07Z INFO  rusty_renderer::application::runner] Creating pipeline: forward
[2025-10-25T21:12:07Z INFO  rusty_renderer::application::runner] Pipeline created: Forward
[2025-10-25T21:12:07Z INFO  rusty_renderer::application::runner] Initializing application...
[2025-10-25T21:12:07Z INFO  rusty_renderer::application::runner]   Scene: Textured GLTF Cube
[2025-10-25T21:12:07Z INFO  rusty_renderer::application::runner]   Pipeline: Forward
[2025-10-25T21:12:07Z INFO  rusty_renderer::application::runner]   Mode: windowed
[2025-10-25T21:12:07Z INFO  rusty_renderer::application::runner] Creating backend: wgpu
[2025-10-25T21:12:07Z INFO  rusty_renderer::backends::wgpu_backend] Creating wgpu backend (validation: true)
[2025-10-25T21:12:07Z INFO  rusty_renderer::application::runner] Mode check: headless=false
[2025-10-25T21:12:07Z INFO  rusty_renderer::application::runner] Starting windowed mode...
[2025-10-25T21:12:07Z INFO  rusty_renderer::application::runner] Creating window: Textured GLTF Cube
[2025-10-25T21:12:07Z INFO  rusty_renderer::application::runner] Window created: 800x600
[2025-10-25T21:12:07Z INFO  rusty_renderer::backends::wgpu_backend] Initializing wgpu backend
[2025-10-25T21:12:07Z INFO  rusty_renderer::backends::wgpu_backend] Creating wgpu instance
[2025-10-25T21:12:07Z INFO  wgpu_hal::vulkan::instance] GENERAL [Loader Message (0x0)]
    	No valid vk_loader_settings.json file found, no loader settings will be active
[2025-10-25T21:12:07Z INFO  wgpu_hal::vulkan::instance] 	objects: (type: INSTANCE, hndl: 0x55ce39f2baf0, name: ?)
[2025-10-25T21:12:07Z INFO  wgpu_hal::vulkan::instance] GENERAL [Loader Message (0x0)]
    	Searching for implicit layer manifest files
[2025-10-25T21:12:07Z INFO  wgpu_hal::vulkan::instance] 	objects: (type: INSTANCE, hndl: 0x55ce39f2baf0, name: ?)
[2025-10-25T21:12:07Z INFO  wgpu_hal::vulkan::instance] GENERAL [Loader Message (0x0)]
    	   In following locations:
[2025-10-25T21:12:07Z INFO  wgpu_hal::vulkan::instance] 	objects: (type: INSTANCE, hndl: 0x55ce39f2baf0, name: ?)
[2025-10-25T21:12:07Z INFO  wgpu_hal::vulkan::instance] GENERAL [Loader Message (0x0)]
    	      /home/matpii01/.config/vulkan/implicit_layer.d
[2025-10-25T21:12:07Z INFO  wgpu_hal::vulkan::instance] 	objects: (type: INSTANCE, hndl: 0x55ce39f2baf0, name: ?)
[2025-10-25T21:12:07Z INFO  wgpu_hal::vulkan::instance] GENERAL [Loader Message (0x0)]
    	      /etc/xdg/vulkan/implicit_layer.d
[2025-10-25T21:12:07Z INFO  wgpu_hal::vulkan::instance] 	objects: (type: INSTANCE, hndl: 0x55ce39f2baf0, name: ?)
[2025-10-25T21:12:07Z INFO  wgpu_hal::vulkan::instance] GENERAL [Loader Message (0x0)]
    	      /etc/vulkan/implicit_layer.d
[2025-10-25T21:12:07Z INFO  wgpu_hal::vulkan::instance] 	objects: (type: INSTANCE, hndl: 0x55ce39f2baf0, name: ?)
[2025-10-25T21:12:07Z INFO  wgpu_hal::vulkan::instance] GENERAL [Loader Message (0x0)]
    	      /home/matpii01/.local/share/vulkan/implicit_layer.d
[2025-10-25T21:12:07Z INFO  wgpu_hal::vulkan::instance] 	objects: (type: INSTANCE, hndl: 0x55ce39f2baf0, name: ?)
[2025-10-25T21:12:07Z INFO  wgpu_hal::vulkan::instance] GENERAL [Loader Message (0x0)]
    	      /home/matpii01/.local/share/flatpak/exports/share/vulkan/implicit_layer.d
[2025-10-25T21:12:07Z INFO  wgpu_hal::vulkan::instance] 	objects: (type: INSTANCE, hndl: 0x55ce39f2baf0, name: ?)
[2025-10-25T21:12:07Z INFO  wgpu_hal::vulkan::instance] GENERAL [Loader Message (0x0)]
    	      /var/lib/flatpak/exports/share/vulkan/implicit_layer.d
[2025-10-25T21:12:07Z INFO  wgpu_hal::vulkan::instance] 	objects: (type: INSTANCE, hndl: 0x55ce39f2baf0, name: ?)
[2025-10-25T21:12:07Z INFO  wgpu_hal::vulkan::instance] GENERAL [Loader Message (0x0)]
    	      /usr/local/share/vulkan/implicit_layer.d
[2025-10-25T21:12:07Z INFO  wgpu_hal::vulkan::instance] 	objects: (type: INSTANCE, hndl: 0x55ce39f2baf0, name: ?)
[2025-10-25T21:12:07Z INFO  wgpu_hal::vulkan::instance] GENERAL [Loader Message (0x0)]
    	      /usr/share/vulkan/implicit_layer.d
[2025-10-25T21:12:07Z INFO  wgpu_hal::vulkan::instance] 	objects: (type: INSTANCE, hndl: 0x55ce39f2baf0, name: ?)
[2025-10-25T21:12:07Z INFO  wgpu_hal::vulkan::instance] GENERAL [Loader Message (0x0)]
    	   Found the following files:
[2025-10-25T21:12:07Z INFO  wgpu_hal::vulkan::instance] 	objects: (type: INSTANCE, hndl: 0x55ce39f2baf0, name: ?)
[2025-10-25T21:12:07Z INFO  wgpu_hal::vulkan::instance] GENERAL [Loader Message (0x0)]
    	      /home/matpii01/.local/share/vulkan/implicit_layer.d/steamoverlay_i386.json
[2025-10-25T21:12:07Z INFO  wgpu_hal::vulkan::instance] 	objects: (type: INSTANCE, hndl: 0x55ce39f2baf0, name: ?)
[2025-10-25T21:12:07Z INFO  wgpu_hal::vulkan::instance] GENERAL [Loader Message (0x0)]
    	      /home/matpii01/.local/share/vulkan/implicit_layer.d/steamoverlay_x86_64.json
[2025-10-25T21:12:07Z INFO  wgpu_hal::vulkan::instance] 	objects: (type: INSTANCE, hndl: 0x55ce39f2baf0, name: ?)
[2025-10-25T21:12:07Z INFO  wgpu_hal::vulkan::instance] GENERAL [Loader Message (0x0)]
    	      /home/matpii01/.local/share/vulkan/implicit_layer.d/steamfossilize_i386.json
[2025-10-25T21:12:07Z INFO  wgpu_hal::vulkan::instance] 	objects: (type: INSTANCE, hndl: 0x55ce39f2baf0, name: ?)
[2025-10-25T21:12:07Z INFO  wgpu_hal::vulkan::instance] GENERAL [Loader Message (0x0)]
    	      /home/matpii01/.local/share/vulkan/implicit_layer.d/steamfossilize_x86_64.json
[2025-10-25T21:12:07Z INFO  wgpu_hal::vulkan::instance] 	objects: (type: INSTANCE, hndl: 0x55ce39f2baf0, name: ?)
[2025-10-25T21:12:07Z INFO  wgpu_hal::vulkan::instance] GENERAL [Loader Message (0x0)]
    	      /usr/share/vulkan/implicit_layer.d/MangoHud.x86.json
[2025-10-25T21:12:07Z INFO  wgpu_hal::vulkan::instance] 	objects: (type: INSTANCE, hndl: 0x55ce39f2baf0, name: ?)
[2025-10-25T21:12:07Z INFO  wgpu_hal::vulkan::instance] GENERAL [Loader Message (0x0)]
    	      /usr/share/vulkan/implicit_layer.d/MangoHud.x86_64.json
[2025-10-25T21:12:07Z INFO  wgpu_hal::vulkan::instance] 	objects: (type: INSTANCE, hndl: 0x55ce39f2baf0, name: ?)
[2025-10-25T21:12:07Z INFO  wgpu_hal::vulkan::instance] GENERAL [Loader Message (0x0)]
    	      /usr/share/vulkan/implicit_layer.d/VkLayer_FROG_gamescope_wsi.x86.json
[2025-10-25T21:12:07Z INFO  wgpu_hal::vulkan::instance] 	objects: (type: INSTANCE, hndl: 0x55ce39f2baf0, name: ?)
[2025-10-25T21:12:07Z INFO  wgpu_hal::vulkan::instance] GENERAL [Loader Message (0x0)]
    	      /usr/share/vulkan/implicit_layer.d/VkLayer_FROG_gamescope_wsi.x86_64.json
[2025-10-25T21:12:07Z INFO  wgpu_hal::vulkan::instance] 	objects: (type: INSTANCE, hndl: 0x55ce39f2baf0, name: ?)
[2025-10-25T21:12:07Z INFO  wgpu_hal::vulkan::instance] GENERAL [Loader Message (0x0)]
    	      /usr/share/vulkan/implicit_layer.d/VkLayer_MESA_device_select.json
[2025-10-25T21:12:07Z INFO  wgpu_hal::vulkan::instance] 	objects: (type: INSTANCE, hndl: 0x55ce39f2baf0, name: ?)
[2025-10-25T21:12:07Z INFO  wgpu_hal::vulkan::instance] GENERAL [Loader Message (0x0)]
    	      /usr/share/vulkan/implicit_layer.d/VkLayer_hdr_wsi.x86_64.json
[2025-10-25T21:12:07Z INFO  wgpu_hal::vulkan::instance] 	objects: (type: INSTANCE, hndl: 0x55ce39f2baf0, name: ?)
[2025-10-25T21:12:07Z INFO  wgpu_hal::vulkan::instance] GENERAL [Loader Message (0x0)]
    	      /usr/share/vulkan/implicit_layer.d/latencyflex.json
[2025-10-25T21:12:07Z INFO  wgpu_hal::vulkan::instance] 	objects: (type: INSTANCE, hndl: 0x55ce39f2baf0, name: ?)
[2025-10-25T21:12:07Z INFO  wgpu_hal::vulkan::instance] GENERAL [Loader Message (0x0)]
    	      /usr/share/vulkan/implicit_layer.d/obs_vkcapture_32.json
[2025-10-25T21:12:07Z INFO  wgpu_hal::vulkan::instance] 	objects: (type: INSTANCE, hndl: 0x55ce39f2baf0, name: ?)
[2025-10-25T21:12:07Z INFO  wgpu_hal::vulkan::instance] GENERAL [Loader Message (0x0)]
    	      /usr/share/vulkan/implicit_layer.d/obs_vkcapture_64.json
[2025-10-25T21:12:07Z INFO  wgpu_hal::vulkan::instance] 	objects: (type: INSTANCE, hndl: 0x55ce39f2baf0, name: ?)
[2025-10-25T21:12:07Z INFO  wgpu_hal::vulkan::instance] GENERAL [Loader Message (0x0)]
    	      /usr/share/vulkan/implicit_layer.d/vkBasalt.json
[2025-10-25T21:12:07Z INFO  wgpu_hal::vulkan::instance] 	objects: (type: INSTANCE, hndl: 0x55ce39f2baf0, name: ?)
[2025-10-25T21:12:07Z INFO  wgpu_hal::vulkan::instance] GENERAL [Loader Message (0x0)]
    	Found manifest file /home/matpii01/.local/share/vulkan/implicit_layer.d/steamoverlay_i386.json (file version 1.0.0)
[2025-10-25T21:12:07Z INFO  wgpu_hal::vulkan::instance] 	objects: (type: INSTANCE, hndl: 0x55ce39f2baf0, name: ?)
[2025-10-25T21:12:07Z INFO  wgpu_hal::vulkan::instance] GENERAL [Loader Message (0x0)]
    	Found manifest file /home/matpii01/.local/share/vulkan/implicit_layer.d/steamoverlay_x86_64.json (file version 1.0.0)
[2025-10-25T21:12:07Z INFO  wgpu_hal::vulkan::instance] 	objects: (type: INSTANCE, hndl: 0x55ce39f2baf0, name: ?)
[2025-10-25T21:12:07Z INFO  wgpu_hal::vulkan::instance] GENERAL [Loader Message (0x0)]
    	Found manifest file /home/matpii01/.local/share/vulkan/implicit_layer.d/steamfossilize_i386.json (file version 1.0.0)
[2025-10-25T21:12:07Z INFO  wgpu_hal::vulkan::instance] 	objects: (type: INSTANCE, hndl: 0x55ce39f2baf0, name: ?)
[2025-10-25T21:12:07Z INFO  wgpu_hal::vulkan::instance] GENERAL [Loader Message (0x0)]
    	Found manifest file /home/matpii01/.local/share/vulkan/implicit_layer.d/steamfossilize_x86_64.json (file version 1.0.0)
[2025-10-25T21:12:07Z INFO  wgpu_hal::vulkan::instance] 	objects: (type: INSTANCE, hndl: 0x55ce39f2baf0, name: ?)
[2025-10-25T21:12:07Z INFO  wgpu_hal::vulkan::instance] GENERAL [Loader Message (0x0)]
    	Found manifest file /usr/share/vulkan/implicit_layer.d/MangoHud.x86.json (file version 1.0.0)
[2025-10-25T21:12:07Z INFO  wgpu_hal::vulkan::instance] 	objects: (type: INSTANCE, hndl: 0x55ce39f2baf0, name: ?)
[2025-10-25T21:12:07Z INFO  wgpu_hal::vulkan::instance] GENERAL [Loader Message (0x0)]
    	Found manifest file /usr/share/vulkan/implicit_layer.d/MangoHud.x86_64.json (file version 1.0.0)
[2025-10-25T21:12:07Z INFO  wgpu_hal::vulkan::instance] 	objects: (type: INSTANCE, hndl: 0x55ce39f2baf0, name: ?)
[2025-10-25T21:12:07Z INFO  wgpu_hal::vulkan::instance] GENERAL [Loader Message (0x0)]
    	Found manifest file /usr/share/vulkan/implicit_layer.d/VkLayer_FROG_gamescope_wsi.x86.json (file version 1.0.0)
[2025-10-25T21:12:07Z INFO  wgpu_hal::vulkan::instance] 	objects: (type: INSTANCE, hndl: 0x55ce39f2baf0, name: ?)
[2025-10-25T21:12:07Z INFO  wgpu_hal::vulkan::instance] GENERAL [Loader Message (0x0)]
    	Found manifest file /usr/share/vulkan/implicit_layer.d/VkLayer_FROG_gamescope_wsi.x86_64.json (file version 1.0.0)
[2025-10-25T21:12:07Z INFO  wgpu_hal::vulkan::instance] 	objects: (type: INSTANCE, hndl: 0x55ce39f2baf0, name: ?)
[2025-10-25T21:12:07Z INFO  wgpu_hal::vulkan::instance] GENERAL [Loader Message (0x0)]
    	Found manifest file /usr/share/vulkan/implicit_layer.d/VkLayer_MESA_device_select.json (file version 1.0.0)
[2025-10-25T21:12:07Z INFO  wgpu_hal::vulkan::instance] 	objects: (type: INSTANCE, hndl: 0x55ce39f2baf0, name: ?)
[2025-10-25T21:12:07Z INFO  wgpu_hal::vulkan::instance] GENERAL [Loader Message (0x0)]
    	Found manifest file /usr/share/vulkan/implicit_layer.d/VkLayer_hdr_wsi.x86_64.json (file version 1.0.0)
[2025-10-25T21:12:07Z INFO  wgpu_hal::vulkan::instance] 	objects: (type: INSTANCE, hndl: 0x55ce39f2baf0, name: ?)
[2025-10-25T21:12:07Z INFO  wgpu_hal::vulkan::instance] GENERAL [Loader Message (0x0)]
    	Found manifest file /usr/share/vulkan/implicit_layer.d/latencyflex.json (file version 1.0.0)
[2025-10-25T21:12:07Z INFO  wgpu_hal::vulkan::instance] 	objects: (type: INSTANCE, hndl: 0x55ce39f2baf0, name: ?)
[2025-10-25T21:12:07Z INFO  wgpu_hal::vulkan::instance] GENERAL [Loader Message (0x0)]
    	Found manifest file /usr/share/vulkan/implicit_layer.d/obs_vkcapture_32.json (file version 1.1.2)
[2025-10-25T21:12:07Z INFO  wgpu_hal::vulkan::instance] 	objects: (type: INSTANCE, hndl: 0x55ce39f2baf0, name: ?)
[2025-10-25T21:12:07Z INFO  wgpu_hal::vulkan::instance] GENERAL [Loader Message (0x0)]
    	Found manifest file /usr/share/vulkan/implicit_layer.d/obs_vkcapture_64.json (file version 1.1.2)
[2025-10-25T21:12:07Z INFO  wgpu_hal::vulkan::instance] 	objects: (type: INSTANCE, hndl: 0x55ce39f2baf0, name: ?)
[2025-10-25T21:12:07Z INFO  wgpu_hal::vulkan::instance] GENERAL [Loader Message (0x0)]
    	Found manifest file /usr/share/vulkan/implicit_layer.d/vkBasalt.json (file version 1.0.0)
[2025-10-25T21:12:07Z INFO  wgpu_hal::vulkan::instance] 	objects: (type: INSTANCE, hndl: 0x55ce39f2baf0, name: ?)
[2025-10-25T21:12:07Z INFO  wgpu_hal::vulkan::instance] GENERAL [Loader Message (0x0)]
    	Searching for explicit layer manifest files
[2025-10-25T21:12:07Z INFO  wgpu_hal::vulkan::instance] 	objects: (type: INSTANCE, hndl: 0x55ce39f2baf0, name: ?)
[2025-10-25T21:12:07Z INFO  wgpu_hal::vulkan::instance] GENERAL [Loader Message (0x0)]
    	   In following locations:
[2025-10-25T21:12:07Z INFO  wgpu_hal::vulkan::instance] 	objects: (type: INSTANCE, hndl: 0x55ce39f2baf0, name: ?)
[2025-10-25T21:12:07Z INFO  wgpu_hal::vulkan::instance] GENERAL [Loader Message (0x0)]
    	      /home/matpii01/.config/vulkan/explicit_layer.d
[2025-10-25T21:12:07Z INFO  wgpu_hal::vulkan::instance] 	objects: (type: INSTANCE, hndl: 0x55ce39f2baf0, name: ?)
[2025-10-25T21:12:07Z INFO  wgpu_hal::vulkan::instance] GENERAL [Loader Message (0x0)]
    	      /etc/xdg/vulkan/explicit_layer.d
[2025-10-25T21:12:07Z INFO  wgpu_hal::vulkan::instance] 	objects: (type: INSTANCE, hndl: 0x55ce39f2baf0, name: ?)
[2025-10-25T21:12:07Z INFO  wgpu_hal::vulkan::instance] GENERAL [Loader Message (0x0)]
    	      /etc/vulkan/explicit_layer.d
[2025-10-25T21:12:07Z INFO  wgpu_hal::vulkan::instance] 	objects: (type: INSTANCE, hndl: 0x55ce39f2baf0, name: ?)
[2025-10-25T21:12:07Z INFO  wgpu_hal::vulkan::instance] GENERAL [Loader Message (0x0)]
    	      /home/matpii01/.local/share/vulkan/explicit_layer.d
[2025-10-25T21:12:07Z INFO  wgpu_hal::vulkan::instance] 	objects: (type: INSTANCE, hndl: 0x55ce39f2baf0, name: ?)
[2025-10-25T21:12:07Z INFO  wgpu_hal::vulkan::instance] GENERAL [Loader Message (0x0)]
    	      /home/matpii01/.local/share/flatpak/exports/share/vulkan/explicit_layer.d
[2025-10-25T21:12:07Z INFO  wgpu_hal::vulkan::instance] 	objects: (type: INSTANCE, hndl: 0x55ce39f2baf0, name: ?)
[2025-10-25T21:12:07Z INFO  wgpu_hal::vulkan::instance] GENERAL [Loader Message (0x0)]
    	      /var/lib/flatpak/exports/share/vulkan/explicit_layer.d
[2025-10-25T21:12:07Z INFO  wgpu_hal::vulkan::instance] 	objects: (type: INSTANCE, hndl: 0x55ce39f2baf0, name: ?)
[2025-10-25T21:12:07Z INFO  wgpu_hal::vulkan::instance] GENERAL [Loader Message (0x0)]
    	      /usr/local/share/vulkan/explicit_layer.d
[2025-10-25T21:12:07Z INFO  wgpu_hal::vulkan::instance] 	objects: (type: INSTANCE, hndl: 0x55ce39f2baf0, name: ?)
[2025-10-25T21:12:07Z INFO  wgpu_hal::vulkan::instance] GENERAL [Loader Message (0x0)]
    	      /usr/share/vulkan/explicit_layer.d
[2025-10-25T21:12:07Z INFO  wgpu_hal::vulkan::instance] 	objects: (type: INSTANCE, hndl: 0x55ce39f2baf0, name: ?)
[2025-10-25T21:12:07Z INFO  wgpu_hal::vulkan::instance] GENERAL [Loader Message (0x0)]
    	   Found the following files:
[2025-10-25T21:12:07Z INFO  wgpu_hal::vulkan::instance] 	objects: (type: INSTANCE, hndl: 0x55ce39f2baf0, name: ?)
[2025-10-25T21:12:07Z INFO  wgpu_hal::vulkan::instance] GENERAL [Loader Message (0x0)]
    	      /usr/share/vulkan/explicit_layer.d/VkLayer_khronos_validation.json
[2025-10-25T21:12:07Z INFO  wgpu_hal::vulkan::instance] 	objects: (type: INSTANCE, hndl: 0x55ce39f2baf0, name: ?)
[2025-10-25T21:12:07Z INFO  wgpu_hal::vulkan::instance] GENERAL [Loader Message (0x0)]
    	Found manifest file /usr/share/vulkan/explicit_layer.d/VkLayer_khronos_validation.json (file version 1.2.0)
[2025-10-25T21:12:07Z INFO  wgpu_hal::vulkan::instance] 	objects: (type: INSTANCE, hndl: 0x55ce39f2baf0, name: ?)
[2025-10-25T21:12:07Z INFO  wgpu_hal::vulkan::instance] GENERAL [Loader Message (0x0)]
    	Searching for driver manifest files
[2025-10-25T21:12:07Z INFO  wgpu_hal::vulkan::instance] 	objects: (type: INSTANCE, hndl: 0x55ce39f2baf0, name: ?)
[2025-10-25T21:12:07Z INFO  wgpu_hal::vulkan::instance] GENERAL [Loader Message (0x0)]
    	   In following locations:
[2025-10-25T21:12:07Z INFO  wgpu_hal::vulkan::instance] 	objects: (type: INSTANCE, hndl: 0x55ce39f2baf0, name: ?)
[2025-10-25T21:12:07Z INFO  wgpu_hal::vulkan::instance] GENERAL [Loader Message (0x0)]
    	      /home/matpii01/.config/vulkan/icd.d
[2025-10-25T21:12:07Z INFO  wgpu_hal::vulkan::instance] 	objects: (type: INSTANCE, hndl: 0x55ce39f2baf0, name: ?)
[2025-10-25T21:12:07Z INFO  wgpu_hal::vulkan::instance] GENERAL [Loader Message (0x0)]
    	      /etc/xdg/vulkan/icd.d
[2025-10-25T21:12:07Z INFO  wgpu_hal::vulkan::instance] 	objects: (type: INSTANCE, hndl: 0x55ce39f2baf0, name: ?)
[2025-10-25T21:12:07Z INFO  wgpu_hal::vulkan::instance] GENERAL [Loader Message (0x0)]
    	      /etc/vulkan/icd.d
[2025-10-25T21:12:07Z INFO  wgpu_hal::vulkan::instance] 	objects: (type: INSTANCE, hndl: 0x55ce39f2baf0, name: ?)
[2025-10-25T21:12:07Z INFO  wgpu_hal::vulkan::instance] GENERAL [Loader Message (0x0)]
    	      /home/matpii01/.local/share/vulkan/icd.d
[2025-10-25T21:12:07Z INFO  wgpu_hal::vulkan::instance] 	objects: (type: INSTANCE, hndl: 0x55ce39f2baf0, name: ?)
[2025-10-25T21:12:07Z INFO  wgpu_hal::vulkan::instance] GENERAL [Loader Message (0x0)]
    	      /home/matpii01/.local/share/flatpak/exports/share/vulkan/icd.d
[2025-10-25T21:12:07Z INFO  wgpu_hal::vulkan::instance] 	objects: (type: INSTANCE, hndl: 0x55ce39f2baf0, name: ?)
[2025-10-25T21:12:07Z INFO  wgpu_hal::vulkan::instance] GENERAL [Loader Message (0x0)]
    	      /var/lib/flatpak/exports/share/vulkan/icd.d
[2025-10-25T21:12:07Z INFO  wgpu_hal::vulkan::instance] 	objects: (type: INSTANCE, hndl: 0x55ce39f2baf0, name: ?)
[2025-10-25T21:12:07Z INFO  wgpu_hal::vulkan::instance] GENERAL [Loader Message (0x0)]
    	      /usr/local/share/vulkan/icd.d
[2025-10-25T21:12:07Z INFO  wgpu_hal::vulkan::instance] 	objects: (type: INSTANCE, hndl: 0x55ce39f2baf0, name: ?)
[2025-10-25T21:12:07Z INFO  wgpu_hal::vulkan::instance] GENERAL [Loader Message (0x0)]
    	      /usr/share/vulkan/icd.d
[2025-10-25T21:12:07Z INFO  wgpu_hal::vulkan::instance] 	objects: (type: INSTANCE, hndl: 0x55ce39f2baf0, name: ?)
[2025-10-25T21:12:07Z INFO  wgpu_hal::vulkan::instance] GENERAL [Loader Message (0x0)]
    	   Found the following files:
[2025-10-25T21:12:07Z INFO  wgpu_hal::vulkan::instance] 	objects: (type: INSTANCE, hndl: 0x55ce39f2baf0, name: ?)
[2025-10-25T21:12:07Z INFO  wgpu_hal::vulkan::instance] GENERAL [Loader Message (0x0)]
    	      /usr/share/vulkan/icd.d/asahi_icd.i686.json
[2025-10-25T21:12:07Z INFO  wgpu_hal::vulkan::instance] 	objects: (type: INSTANCE, hndl: 0x55ce39f2baf0, name: ?)
[2025-10-25T21:12:07Z INFO  wgpu_hal::vulkan::instance] GENERAL [Loader Message (0x0)]
    	      /usr/share/vulkan/icd.d/asahi_icd.x86_64.json
[2025-10-25T21:12:07Z INFO  wgpu_hal::vulkan::instance] 	objects: (type: INSTANCE, hndl: 0x55ce39f2baf0, name: ?)
[2025-10-25T21:12:07Z INFO  wgpu_hal::vulkan::instance] GENERAL [Loader Message (0x0)]
    	      /usr/share/vulkan/icd.d/broadcom_icd.i686.json
[2025-10-25T21:12:07Z INFO  wgpu_hal::vulkan::instance] 	objects: (type: INSTANCE, hndl: 0x55ce39f2baf0, name: ?)
[2025-10-25T21:12:07Z INFO  wgpu_hal::vulkan::instance] GENERAL [Loader Message (0x0)]
    	      /usr/share/vulkan/icd.d/broadcom_icd.x86_64.json
[2025-10-25T21:12:07Z INFO  wgpu_hal::vulkan::instance] 	objects: (type: INSTANCE, hndl: 0x55ce39f2baf0, name: ?)
[2025-10-25T21:12:07Z INFO  wgpu_hal::vulkan::instance] GENERAL [Loader Message (0x0)]
    	      /usr/share/vulkan/icd.d/freedreno_icd.i686.json
[2025-10-25T21:12:07Z INFO  wgpu_hal::vulkan::instance] 	objects: (type: INSTANCE, hndl: 0x55ce39f2baf0, name: ?)
[2025-10-25T21:12:07Z INFO  wgpu_hal::vulkan::instance] GENERAL [Loader Message (0x0)]
    	      /usr/share/vulkan/icd.d/freedreno_icd.x86_64.json
[2025-10-25T21:12:07Z INFO  wgpu_hal::vulkan::instance] 	objects: (type: INSTANCE, hndl: 0x55ce39f2baf0, name: ?)
[2025-10-25T21:12:07Z INFO  wgpu_hal::vulkan::instance] GENERAL [Loader Message (0x0)]
    	      /usr/share/vulkan/icd.d/intel_hasvk_icd.i686.json
[2025-10-25T21:12:07Z INFO  wgpu_hal::vulkan::instance] 	objects: (type: INSTANCE, hndl: 0x55ce39f2baf0, name: ?)
[2025-10-25T21:12:07Z INFO  wgpu_hal::vulkan::instance] GENERAL [Loader Message (0x0)]
    	      /usr/share/vulkan/icd.d/intel_hasvk_icd.x86_64.json
[2025-10-25T21:12:07Z INFO  wgpu_hal::vulkan::instance] 	objects: (type: INSTANCE, hndl: 0x55ce39f2baf0, name: ?)
[2025-10-25T21:12:07Z INFO  wgpu_hal::vulkan::instance] GENERAL [Loader Message (0x0)]
    	      /usr/share/vulkan/icd.d/intel_icd.i686.json
[2025-10-25T21:12:07Z INFO  wgpu_hal::vulkan::instance] 	objects: (type: INSTANCE, hndl: 0x55ce39f2baf0, name: ?)
[2025-10-25T21:12:07Z INFO  wgpu_hal::vulkan::instance] GENERAL [Loader Message (0x0)]
    	      /usr/share/vulkan/icd.d/intel_icd.x86_64.json
[2025-10-25T21:12:07Z INFO  wgpu_hal::vulkan::instance] 	objects: (type: INSTANCE, hndl: 0x55ce39f2baf0, name: ?)
[2025-10-25T21:12:07Z INFO  wgpu_hal::vulkan::instance] GENERAL [Loader Message (0x0)]
    	      /usr/share/vulkan/icd.d/lvp_icd.i686.json
[2025-10-25T21:12:07Z INFO  wgpu_hal::vulkan::instance] 	objects: (type: INSTANCE, hndl: 0x55ce39f2baf0, name: ?)
[2025-10-25T21:12:07Z INFO  wgpu_hal::vulkan::instance] GENERAL [Loader Message (0x0)]
    	      /usr/share/vulkan/icd.d/lvp_icd.x86_64.json
[2025-10-25T21:12:07Z INFO  wgpu_hal::vulkan::instance] 	objects: (type: INSTANCE, hndl: 0x55ce39f2baf0, name: ?)
[2025-10-25T21:12:07Z INFO  wgpu_hal::vulkan::instance] GENERAL [Loader Message (0x0)]
    	      /usr/share/vulkan/icd.d/nouveau_icd.i686.json
[2025-10-25T21:12:07Z INFO  wgpu_hal::vulkan::instance] 	objects: (type: INSTANCE, hndl: 0x55ce39f2baf0, name: ?)
[2025-10-25T21:12:07Z INFO  wgpu_hal::vulkan::instance] GENERAL [Loader Message (0x0)]
    	      /usr/share/vulkan/icd.d/nouveau_icd.x86_64.json
[2025-10-25T21:12:07Z INFO  wgpu_hal::vulkan::instance] 	objects: (type: INSTANCE, hndl: 0x55ce39f2baf0, name: ?)
[2025-10-25T21:12:07Z INFO  wgpu_hal::vulkan::instance] GENERAL [Loader Message (0x0)]
    	      /usr/share/vulkan/icd.d/panfrost_icd.i686.json
[2025-10-25T21:12:07Z INFO  wgpu_hal::vulkan::instance] 	objects: (type: INSTANCE, hndl: 0x55ce39f2baf0, name: ?)
[2025-10-25T21:12:07Z INFO  wgpu_hal::vulkan::instance] GENERAL [Loader Message (0x0)]
    	      /usr/share/vulkan/icd.d/panfrost_icd.x86_64.json
[2025-10-25T21:12:07Z INFO  wgpu_hal::vulkan::instance] 	objects: (type: INSTANCE, hndl: 0x55ce39f2baf0, name: ?)
[2025-10-25T21:12:07Z INFO  wgpu_hal::vulkan::instance] GENERAL [Loader Message (0x0)]
    	      /usr/share/vulkan/icd.d/powervr_mesa_icd.i686.json
[2025-10-25T21:12:07Z INFO  wgpu_hal::vulkan::instance] 	objects: (type: INSTANCE, hndl: 0x55ce39f2baf0, name: ?)
[2025-10-25T21:12:07Z INFO  wgpu_hal::vulkan::instance] GENERAL [Loader Message (0x0)]
    	      /usr/share/vulkan/icd.d/powervr_mesa_icd.x86_64.json
[2025-10-25T21:12:07Z INFO  wgpu_hal::vulkan::instance] 	objects: (type: INSTANCE, hndl: 0x55ce39f2baf0, name: ?)
[2025-10-25T21:12:07Z INFO  wgpu_hal::vulkan::instance] GENERAL [Loader Message (0x0)]
    	      /usr/share/vulkan/icd.d/radeon_icd.i686.json
[2025-10-25T21:12:07Z INFO  wgpu_hal::vulkan::instance] 	objects: (type: INSTANCE, hndl: 0x55ce39f2baf0, name: ?)
[2025-10-25T21:12:07Z INFO  wgpu_hal::vulkan::instance] GENERAL [Loader Message (0x0)]
    	      /usr/share/vulkan/icd.d/radeon_icd.x86_64.json
[2025-10-25T21:12:07Z INFO  wgpu_hal::vulkan::instance] 	objects: (type: INSTANCE, hndl: 0x55ce39f2baf0, name: ?)
[2025-10-25T21:12:07Z INFO  wgpu_hal::vulkan::instance] GENERAL [Loader Message (0x0)]
    	      /usr/share/vulkan/icd.d/virtio_icd.i686.json
[2025-10-25T21:12:07Z INFO  wgpu_hal::vulkan::instance] 	objects: (type: INSTANCE, hndl: 0x55ce39f2baf0, name: ?)
[2025-10-25T21:12:07Z INFO  wgpu_hal::vulkan::instance] GENERAL [Loader Message (0x0)]
    	      /usr/share/vulkan/icd.d/virtio_icd.x86_64.json
[2025-10-25T21:12:07Z INFO  wgpu_hal::vulkan::instance] 	objects: (type: INSTANCE, hndl: 0x55ce39f2baf0, name: ?)
[2025-10-25T21:12:07Z INFO  wgpu_hal::vulkan::instance] GENERAL [Loader Message (0x0)]
    	Found ICD manifest file /usr/share/vulkan/icd.d/asahi_icd.i686.json, version 1.0.0
[2025-10-25T21:12:07Z INFO  wgpu_hal::vulkan::instance] 	objects: (type: INSTANCE, hndl: 0x55ce39f2baf0, name: ?)
[2025-10-25T21:12:07Z INFO  wgpu_hal::vulkan::instance] GENERAL [Loader Message (0x0)]
    	/usr/lib/libvulkan_asahi.so: wrong ELF class: ELFCLASS32
[2025-10-25T21:12:07Z INFO  wgpu_hal::vulkan::instance] 	objects: (type: INSTANCE, hndl: 0x55ce39f2baf0, name: ?)
[2025-10-25T21:12:07Z INFO  wgpu_hal::vulkan::instance] GENERAL [Loader Message (0x0)]
    	Requested ICD /usr/lib/libvulkan_asahi.so was wrong bit-type. Ignoring this JSON
[2025-10-25T21:12:07Z INFO  wgpu_hal::vulkan::instance] 	objects: (type: INSTANCE, hndl: 0x55ce39f2baf0, name: ?)
[2025-10-25T21:12:07Z INFO  wgpu_hal::vulkan::instance] GENERAL [Loader Message (0x0)]
    	Found ICD manifest file /usr/share/vulkan/icd.d/asahi_icd.x86_64.json, version 1.0.0
[2025-10-25T21:12:07Z INFO  wgpu_hal::vulkan::instance] 	objects: (type: INSTANCE, hndl: 0x55ce39f2baf0, name: ?)
[2025-10-25T21:12:07Z INFO  wgpu_hal::vulkan::instance] GENERAL [Loader Message (0x0)]
    	Found ICD manifest file /usr/share/vulkan/icd.d/broadcom_icd.i686.json, version 1.0.0
[2025-10-25T21:12:07Z INFO  wgpu_hal::vulkan::instance] 	objects: (type: INSTANCE, hndl: 0x55ce39f2baf0, name: ?)
[2025-10-25T21:12:07Z INFO  wgpu_hal::vulkan::instance] GENERAL [Loader Message (0x0)]
    	/usr/lib/libvulkan_broadcom.so: wrong ELF class: ELFCLASS32
[2025-10-25T21:12:07Z INFO  wgpu_hal::vulkan::instance] 	objects: (type: INSTANCE, hndl: 0x55ce39f2baf0, name: ?)
[2025-10-25T21:12:07Z INFO  wgpu_hal::vulkan::instance] GENERAL [Loader Message (0x0)]
    	Requested ICD /usr/lib/libvulkan_broadcom.so was wrong bit-type. Ignoring this JSON
[2025-10-25T21:12:07Z INFO  wgpu_hal::vulkan::instance] 	objects: (type: INSTANCE, hndl: 0x55ce39f2baf0, name: ?)
[2025-10-25T21:12:07Z INFO  wgpu_hal::vulkan::instance] GENERAL [Loader Message (0x0)]
    	Found ICD manifest file /usr/share/vulkan/icd.d/broadcom_icd.x86_64.json, version 1.0.0
[2025-10-25T21:12:07Z INFO  wgpu_hal::vulkan::instance] 	objects: (type: INSTANCE, hndl: 0x55ce39f2baf0, name: ?)
[2025-10-25T21:12:07Z INFO  wgpu_hal::vulkan::instance] GENERAL [Loader Message (0x0)]
    	Found ICD manifest file /usr/share/vulkan/icd.d/freedreno_icd.i686.json, version 1.0.0
[2025-10-25T21:12:07Z INFO  wgpu_hal::vulkan::instance] 	objects: (type: INSTANCE, hndl: 0x55ce39f2baf0, name: ?)
[2025-10-25T21:12:07Z INFO  wgpu_hal::vulkan::instance] GENERAL [Loader Message (0x0)]
    	/usr/lib/libvulkan_freedreno.so: wrong ELF class: ELFCLASS32
[2025-10-25T21:12:07Z INFO  wgpu_hal::vulkan::instance] 	objects: (type: INSTANCE, hndl: 0x55ce39f2baf0, name: ?)
[2025-10-25T21:12:07Z INFO  wgpu_hal::vulkan::instance] GENERAL [Loader Message (0x0)]
    	Requested ICD /usr/lib/libvulkan_freedreno.so was wrong bit-type. Ignoring this JSON
[2025-10-25T21:12:07Z INFO  wgpu_hal::vulkan::instance] 	objects: (type: INSTANCE, hndl: 0x55ce39f2baf0, name: ?)
[2025-10-25T21:12:07Z INFO  wgpu_hal::vulkan::instance] GENERAL [Loader Message (0x0)]
    	Found ICD manifest file /usr/share/vulkan/icd.d/freedreno_icd.x86_64.json, version 1.0.0
[2025-10-25T21:12:07Z INFO  wgpu_hal::vulkan::instance] 	objects: (type: INSTANCE, hndl: 0x55ce39f2baf0, name: ?)
[2025-10-25T21:12:07Z INFO  wgpu_hal::vulkan::instance] GENERAL [Loader Message (0x0)]
    	Found ICD manifest file /usr/share/vulkan/icd.d/intel_hasvk_icd.i686.json, version 1.0.0
[2025-10-25T21:12:07Z INFO  wgpu_hal::vulkan::instance] 	objects: (type: INSTANCE, hndl: 0x55ce39f2baf0, name: ?)
[2025-10-25T21:12:07Z INFO  wgpu_hal::vulkan::instance] GENERAL [Loader Message (0x0)]
    	/usr/lib/libvulkan_intel_hasvk.so: wrong ELF class: ELFCLASS32
[2025-10-25T21:12:07Z INFO  wgpu_hal::vulkan::instance] 	objects: (type: INSTANCE, hndl: 0x55ce39f2baf0, name: ?)
[2025-10-25T21:12:07Z INFO  wgpu_hal::vulkan::instance] GENERAL [Loader Message (0x0)]
    	Requested ICD /usr/lib/libvulkan_intel_hasvk.so was wrong bit-type. Ignoring this JSON
[2025-10-25T21:12:07Z INFO  wgpu_hal::vulkan::instance] 	objects: (type: INSTANCE, hndl: 0x55ce39f2baf0, name: ?)
[2025-10-25T21:12:07Z INFO  wgpu_hal::vulkan::instance] GENERAL [Loader Message (0x0)]
    	Found ICD manifest file /usr/share/vulkan/icd.d/intel_hasvk_icd.x86_64.json, version 1.0.0
[2025-10-25T21:12:07Z INFO  wgpu_hal::vulkan::instance] 	objects: (type: INSTANCE, hndl: 0x55ce39f2baf0, name: ?)
[2025-10-25T21:12:07Z INFO  wgpu_hal::vulkan::instance] GENERAL [Loader Message (0x0)]
    	Found ICD manifest file /usr/share/vulkan/icd.d/intel_icd.i686.json, version 1.0.0
[2025-10-25T21:12:07Z INFO  wgpu_hal::vulkan::instance] 	objects: (type: INSTANCE, hndl: 0x55ce39f2baf0, name: ?)
[2025-10-25T21:12:07Z INFO  wgpu_hal::vulkan::instance] GENERAL [Loader Message (0x0)]
    	/usr/lib/libvulkan_intel.so: wrong ELF class: ELFCLASS32
[2025-10-25T21:12:07Z INFO  wgpu_hal::vulkan::instance] 	objects: (type: INSTANCE, hndl: 0x55ce39f2baf0, name: ?)
[2025-10-25T21:12:07Z INFO  wgpu_hal::vulkan::instance] GENERAL [Loader Message (0x0)]
    	Requested ICD /usr/lib/libvulkan_intel.so was wrong bit-type. Ignoring this JSON
[2025-10-25T21:12:07Z INFO  wgpu_hal::vulkan::instance] 	objects: (type: INSTANCE, hndl: 0x55ce39f2baf0, name: ?)
[2025-10-25T21:12:07Z INFO  wgpu_hal::vulkan::instance] GENERAL [Loader Message (0x0)]
    	Found ICD manifest file /usr/share/vulkan/icd.d/intel_icd.x86_64.json, version 1.0.0
[2025-10-25T21:12:07Z INFO  wgpu_hal::vulkan::instance] 	objects: (type: INSTANCE, hndl: 0x55ce39f2baf0, name: ?)
[2025-10-25T21:12:07Z INFO  wgpu_hal::vulkan::instance] GENERAL [Loader Message (0x0)]
    	Found ICD manifest file /usr/share/vulkan/icd.d/lvp_icd.i686.json, version 1.0.0
[2025-10-25T21:12:07Z INFO  wgpu_hal::vulkan::instance] 	objects: (type: INSTANCE, hndl: 0x55ce39f2baf0, name: ?)
[2025-10-25T21:12:07Z INFO  wgpu_hal::vulkan::instance] GENERAL [Loader Message (0x0)]
    	/usr/lib/libvulkan_lvp.so: wrong ELF class: ELFCLASS32
[2025-10-25T21:12:07Z INFO  wgpu_hal::vulkan::instance] 	objects: (type: INSTANCE, hndl: 0x55ce39f2baf0, name: ?)
[2025-10-25T21:12:07Z INFO  wgpu_hal::vulkan::instance] GENERAL [Loader Message (0x0)]
    	Requested ICD /usr/lib/libvulkan_lvp.so was wrong bit-type. Ignoring this JSON
[2025-10-25T21:12:07Z INFO  wgpu_hal::vulkan::instance] 	objects: (type: INSTANCE, hndl: 0x55ce39f2baf0, name: ?)
[2025-10-25T21:12:07Z INFO  wgpu_hal::vulkan::instance] GENERAL [Loader Message (0x0)]
    	Found ICD manifest file /usr/share/vulkan/icd.d/lvp_icd.x86_64.json, version 1.0.0
[2025-10-25T21:12:07Z INFO  wgpu_hal::vulkan::instance] 	objects: (type: INSTANCE, hndl: 0x55ce39f2baf0, name: ?)
[2025-10-25T21:12:07Z INFO  wgpu_hal::vulkan::instance] GENERAL [Loader Message (0x0)]
    	Found ICD manifest file /usr/share/vulkan/icd.d/nouveau_icd.i686.json, version 1.0.0
[2025-10-25T21:12:07Z INFO  wgpu_hal::vulkan::instance] 	objects: (type: INSTANCE, hndl: 0x55ce39f2baf0, name: ?)
[2025-10-25T21:12:07Z INFO  wgpu_hal::vulkan::instance] GENERAL [Loader Message (0x0)]
    	/usr/lib/libvulkan_nouveau.so: wrong ELF class: ELFCLASS32
[2025-10-25T21:12:07Z INFO  wgpu_hal::vulkan::instance] 	objects: (type: INSTANCE, hndl: 0x55ce39f2baf0, name: ?)
[2025-10-25T21:12:07Z INFO  wgpu_hal::vulkan::instance] GENERAL [Loader Message (0x0)]
    	Requested ICD /usr/lib/libvulkan_nouveau.so was wrong bit-type. Ignoring this JSON
[2025-10-25T21:12:07Z INFO  wgpu_hal::vulkan::instance] 	objects: (type: INSTANCE, hndl: 0x55ce39f2baf0, name: ?)
[2025-10-25T21:12:07Z INFO  wgpu_hal::vulkan::instance] GENERAL [Loader Message (0x0)]
    	Found ICD manifest file /usr/share/vulkan/icd.d/nouveau_icd.x86_64.json, version 1.0.0
[2025-10-25T21:12:07Z INFO  wgpu_hal::vulkan::instance] 	objects: (type: INSTANCE, hndl: 0x55ce39f2baf0, name: ?)
[2025-10-25T21:12:07Z INFO  wgpu_hal::vulkan::instance] GENERAL [Loader Message (0x0)]
    	Found ICD manifest file /usr/share/vulkan/icd.d/panfrost_icd.i686.json, version 1.0.0
[2025-10-25T21:12:07Z INFO  wgpu_hal::vulkan::instance] 	objects: (type: INSTANCE, hndl: 0x55ce39f2baf0, name: ?)
[2025-10-25T21:12:07Z INFO  wgpu_hal::vulkan::instance] GENERAL [Loader Message (0x0)]
    	/usr/lib/libvulkan_panfrost.so: wrong ELF class: ELFCLASS32
[2025-10-25T21:12:07Z INFO  wgpu_hal::vulkan::instance] 	objects: (type: INSTANCE, hndl: 0x55ce39f2baf0, name: ?)
[2025-10-25T21:12:07Z INFO  wgpu_hal::vulkan::instance] GENERAL [Loader Message (0x0)]
    	Requested ICD /usr/lib/libvulkan_panfrost.so was wrong bit-type. Ignoring this JSON
[2025-10-25T21:12:07Z INFO  wgpu_hal::vulkan::instance] 	objects: (type: INSTANCE, hndl: 0x55ce39f2baf0, name: ?)
[2025-10-25T21:12:07Z INFO  wgpu_hal::vulkan::instance] GENERAL [Loader Message (0x0)]
    	Found ICD manifest file /usr/share/vulkan/icd.d/panfrost_icd.x86_64.json, version 1.0.0
[2025-10-25T21:12:07Z INFO  wgpu_hal::vulkan::instance] 	objects: (type: INSTANCE, hndl: 0x55ce39f2baf0, name: ?)
[2025-10-25T21:12:07Z INFO  wgpu_hal::vulkan::instance] GENERAL [Loader Message (0x0)]
    	Found ICD manifest file /usr/share/vulkan/icd.d/powervr_mesa_icd.i686.json, version 1.0.0
[2025-10-25T21:12:07Z INFO  wgpu_hal::vulkan::instance] 	objects: (type: INSTANCE, hndl: 0x55ce39f2baf0, name: ?)
[2025-10-25T21:12:07Z INFO  wgpu_hal::vulkan::instance] GENERAL [Loader Message (0x0)]
    	/usr/lib/libvulkan_powervr_mesa.so: wrong ELF class: ELFCLASS32
[2025-10-25T21:12:07Z INFO  wgpu_hal::vulkan::instance] 	objects: (type: INSTANCE, hndl: 0x55ce39f2baf0, name: ?)
[2025-10-25T21:12:07Z INFO  wgpu_hal::vulkan::instance] GENERAL [Loader Message (0x0)]
    	Requested ICD /usr/lib/libvulkan_powervr_mesa.so was wrong bit-type. Ignoring this JSON
[2025-10-25T21:12:07Z INFO  wgpu_hal::vulkan::instance] 	objects: (type: INSTANCE, hndl: 0x55ce39f2baf0, name: ?)
[2025-10-25T21:12:07Z INFO  wgpu_hal::vulkan::instance] GENERAL [Loader Message (0x0)]
    	Found ICD manifest file /usr/share/vulkan/icd.d/powervr_mesa_icd.x86_64.json, version 1.0.0
[2025-10-25T21:12:07Z INFO  wgpu_hal::vulkan::instance] 	objects: (type: INSTANCE, hndl: 0x55ce39f2baf0, name: ?)
[2025-10-25T21:12:07Z INFO  wgpu_hal::vulkan::instance] GENERAL [Loader Message (0x0)]
    	Found ICD manifest file /usr/share/vulkan/icd.d/radeon_icd.i686.json, version 1.0.0
[2025-10-25T21:12:07Z INFO  wgpu_hal::vulkan::instance] 	objects: (type: INSTANCE, hndl: 0x55ce39f2baf0, name: ?)
[2025-10-25T21:12:07Z INFO  wgpu_hal::vulkan::instance] GENERAL [Loader Message (0x0)]
    	/usr/lib/libvulkan_radeon.so: wrong ELF class: ELFCLASS32
[2025-10-25T21:12:07Z INFO  wgpu_hal::vulkan::instance] 	objects: (type: INSTANCE, hndl: 0x55ce39f2baf0, name: ?)
[2025-10-25T21:12:07Z INFO  wgpu_hal::vulkan::instance] GENERAL [Loader Message (0x0)]
    	Requested ICD /usr/lib/libvulkan_radeon.so was wrong bit-type. Ignoring this JSON
[2025-10-25T21:12:07Z INFO  wgpu_hal::vulkan::instance] 	objects: (type: INSTANCE, hndl: 0x55ce39f2baf0, name: ?)
[2025-10-25T21:12:07Z INFO  wgpu_hal::vulkan::instance] GENERAL [Loader Message (0x0)]
    	Found ICD manifest file /usr/share/vulkan/icd.d/radeon_icd.x86_64.json, version 1.0.0
[2025-10-25T21:12:07Z INFO  wgpu_hal::vulkan::instance] 	objects: (type: INSTANCE, hndl: 0x55ce39f2baf0, name: ?)
[2025-10-25T21:12:07Z INFO  wgpu_hal::vulkan::instance] GENERAL [Loader Message (0x0)]
    	Found ICD manifest file /usr/share/vulkan/icd.d/virtio_icd.i686.json, version 1.0.0
[2025-10-25T21:12:07Z INFO  wgpu_hal::vulkan::instance] 	objects: (type: INSTANCE, hndl: 0x55ce39f2baf0, name: ?)
[2025-10-25T21:12:07Z INFO  wgpu_hal::vulkan::instance] GENERAL [Loader Message (0x0)]
    	/usr/lib/libvulkan_virtio.so: wrong ELF class: ELFCLASS32
[2025-10-25T21:12:07Z INFO  wgpu_hal::vulkan::instance] 	objects: (type: INSTANCE, hndl: 0x55ce39f2baf0, name: ?)
[2025-10-25T21:12:07Z INFO  wgpu_hal::vulkan::instance] GENERAL [Loader Message (0x0)]
    	Requested ICD /usr/lib/libvulkan_virtio.so was wrong bit-type. Ignoring this JSON
[2025-10-25T21:12:07Z INFO  wgpu_hal::vulkan::instance] 	objects: (type: INSTANCE, hndl: 0x55ce39f2baf0, name: ?)
[2025-10-25T21:12:07Z INFO  wgpu_hal::vulkan::instance] GENERAL [Loader Message (0x0)]
    	Found ICD manifest file /usr/share/vulkan/icd.d/virtio_icd.x86_64.json, version 1.0.0
[2025-10-25T21:12:07Z INFO  wgpu_hal::vulkan::instance] 	objects: (type: INSTANCE, hndl: 0x55ce39f2baf0, name: ?)
[2025-10-25T21:12:07Z INFO  wgpu_hal::vulkan::instance] GENERAL [Loader Message (0x0)]
    	Insert instance layer "VK_LAYER_KHRONOS_validation" (libVkLayer_khronos_validation.so)
[2025-10-25T21:12:07Z INFO  wgpu_hal::vulkan::instance] 	objects: (type: INSTANCE, hndl: 0x55ce39f2baf0, name: ?)
[2025-10-25T21:12:07Z INFO  wgpu_hal::vulkan::instance] GENERAL [Loader Message (0x0)]
    	Insert instance layer "VK_LAYER_MESA_device_select" (libVkLayer_MESA_device_select.so)
[2025-10-25T21:12:07Z INFO  wgpu_hal::vulkan::instance] 	objects: (type: INSTANCE, hndl: 0x55ce39f2baf0, name: ?)
[2025-10-25T21:12:07Z INFO  wgpu_hal::vulkan::instance] GENERAL [Loader Message (0x0)]
    	vkCreateInstance layer callstack setup to:
[2025-10-25T21:12:07Z INFO  wgpu_hal::vulkan::instance] 	objects: (type: INSTANCE, hndl: 0x55ce39f2baf0, name: ?)
[2025-10-25T21:12:07Z INFO  wgpu_hal::vulkan::instance] GENERAL [Loader Message (0x0)]
    	   <Application>
[2025-10-25T21:12:07Z INFO  wgpu_hal::vulkan::instance] 	objects: (type: INSTANCE, hndl: 0x55ce39f2baf0, name: ?)
[2025-10-25T21:12:07Z INFO  wgpu_hal::vulkan::instance] GENERAL [Loader Message (0x0)]
    	     ||
[2025-10-25T21:12:07Z INFO  wgpu_hal::vulkan::instance] 	objects: (type: INSTANCE, hndl: 0x55ce39f2baf0, name: ?)
[2025-10-25T21:12:07Z INFO  wgpu_hal::vulkan::instance] GENERAL [Loader Message (0x0)]
    	   <Loader>
[2025-10-25T21:12:07Z INFO  wgpu_hal::vulkan::instance] 	objects: (type: INSTANCE, hndl: 0x55ce39f2baf0, name: ?)
[2025-10-25T21:12:07Z INFO  wgpu_hal::vulkan::instance] GENERAL [Loader Message (0x0)]
    	     ||
[2025-10-25T21:12:07Z INFO  wgpu_hal::vulkan::instance] 	objects: (type: INSTANCE, hndl: 0x55ce39f2baf0, name: ?)
[2025-10-25T21:12:07Z INFO  wgpu_hal::vulkan::instance] GENERAL [Loader Message (0x0)]
    	   VK_LAYER_MESA_device_select
[2025-10-25T21:12:07Z INFO  wgpu_hal::vulkan::instance] 	objects: (type: INSTANCE, hndl: 0x55ce39f2baf0, name: ?)
[2025-10-25T21:12:07Z INFO  wgpu_hal::vulkan::instance] GENERAL [Loader Message (0x0)]
    	           Type: Implicit
[2025-10-25T21:12:07Z INFO  wgpu_hal::vulkan::instance] 	objects: (type: INSTANCE, hndl: 0x55ce39f2baf0, name: ?)
[2025-10-25T21:12:07Z INFO  wgpu_hal::vulkan::instance] GENERAL [Loader Message (0x0)]
    	           Enabled By: Implicit Layer
[2025-10-25T21:12:07Z INFO  wgpu_hal::vulkan::instance] 	objects: (type: INSTANCE, hndl: 0x55ce39f2baf0, name: ?)
[2025-10-25T21:12:07Z INFO  wgpu_hal::vulkan::instance] GENERAL [Loader Message (0x0)]
    	               Disable Env Var:  NODEVICE_SELECT
[2025-10-25T21:12:07Z INFO  wgpu_hal::vulkan::instance] 	objects: (type: INSTANCE, hndl: 0x55ce39f2baf0, name: ?)
[2025-10-25T21:12:07Z INFO  wgpu_hal::vulkan::instance] GENERAL [Loader Message (0x0)]
    	           Manifest: /usr/share/vulkan/implicit_layer.d/VkLayer_MESA_device_select.json
[2025-10-25T21:12:07Z INFO  wgpu_hal::vulkan::instance] 	objects: (type: INSTANCE, hndl: 0x55ce39f2baf0, name: ?)
[2025-10-25T21:12:07Z INFO  wgpu_hal::vulkan::instance] GENERAL [Loader Message (0x0)]
    	           Library:  libVkLayer_MESA_device_select.so
[2025-10-25T21:12:07Z INFO  wgpu_hal::vulkan::instance] 	objects: (type: INSTANCE, hndl: 0x55ce39f2baf0, name: ?)
[2025-10-25T21:12:07Z INFO  wgpu_hal::vulkan::instance] GENERAL [Loader Message (0x0)]
    	     ||
[2025-10-25T21:12:07Z INFO  wgpu_hal::vulkan::instance] 	objects: (type: INSTANCE, hndl: 0x55ce39f2baf0, name: ?)
[2025-10-25T21:12:07Z INFO  wgpu_hal::vulkan::instance] GENERAL [Loader Message (0x0)]
    	   VK_LAYER_KHRONOS_validation
[2025-10-25T21:12:07Z INFO  wgpu_hal::vulkan::instance] 	objects: (type: INSTANCE, hndl: 0x55ce39f2baf0, name: ?)
[2025-10-25T21:12:07Z INFO  wgpu_hal::vulkan::instance] GENERAL [Loader Message (0x0)]
    	           Type: Explicit
[2025-10-25T21:12:07Z INFO  wgpu_hal::vulkan::instance] 	objects: (type: INSTANCE, hndl: 0x55ce39f2baf0, name: ?)
[2025-10-25T21:12:07Z INFO  wgpu_hal::vulkan::instance] GENERAL [Loader Message (0x0)]
    	           Enabled By: By the Application
[2025-10-25T21:12:07Z INFO  wgpu_hal::vulkan::instance] 	objects: (type: INSTANCE, hndl: 0x55ce39f2baf0, name: ?)
[2025-10-25T21:12:07Z INFO  wgpu_hal::vulkan::instance] GENERAL [Loader Message (0x0)]
    	           Manifest: /usr/share/vulkan/explicit_layer.d/VkLayer_khronos_validation.json
[2025-10-25T21:12:07Z INFO  wgpu_hal::vulkan::instance] 	objects: (type: INSTANCE, hndl: 0x55ce39f2baf0, name: ?)
[2025-10-25T21:12:07Z INFO  wgpu_hal::vulkan::instance] GENERAL [Loader Message (0x0)]
    	           Library:  libVkLayer_khronos_validation.so
[2025-10-25T21:12:07Z INFO  wgpu_hal::vulkan::instance] 	objects: (type: INSTANCE, hndl: 0x55ce39f2baf0, name: ?)
[2025-10-25T21:12:07Z INFO  wgpu_hal::vulkan::instance] GENERAL [Loader Message (0x0)]
    	     ||
[2025-10-25T21:12:07Z INFO  wgpu_hal::vulkan::instance] 	objects: (type: INSTANCE, hndl: 0x55ce39f2baf0, name: ?)
[2025-10-25T21:12:07Z INFO  wgpu_hal::vulkan::instance] GENERAL [Loader Message (0x0)]
    	   <Drivers>
[2025-10-25T21:12:07Z INFO  wgpu_hal::vulkan::instance] 	objects: (type: INSTANCE, hndl: 0x55ce39f2baf0, name: ?)
[2025-10-25T21:12:07Z INFO  wgpu_hal::vulkan::instance] VALIDATION [WARNING-CreateInstance-status-message (0x23dfd876)]
    	vkCreateInstance(): Khronos Validation Layer Active:
        Current Enables: VK_VALIDATION_FEATURE_ENABLE_SYNCHRONIZATION_VALIDATION_EXT.
        Current Disables: None.
    
[2025-10-25T21:12:07Z INFO  wgpu_hal::vulkan::instance] 	objects: (type: INSTANCE, hndl: 0x55ce39f2baf0, name: ?)
[2025-10-25T21:12:07Z INFO  wgpu_hal::vulkan::instance] GENERAL [Loader Message (0x0)]
    	linux_read_sorted_physical_devices:
[2025-10-25T21:12:07Z INFO  wgpu_hal::vulkan::instance] 	objects: (type: INSTANCE, hndl: 0x55ce39f2baf0, name: ?)
[2025-10-25T21:12:07Z INFO  wgpu_hal::vulkan::instance] GENERAL [Loader Message (0x0)]
    	     Original order:
[2025-10-25T21:12:07Z INFO  wgpu_hal::vulkan::instance] 	objects: (type: INSTANCE, hndl: 0x55ce39f2baf0, name: ?)
[2025-10-25T21:12:07Z INFO  wgpu_hal::vulkan::instance] GENERAL [Loader Message (0x0)]
    	           [0] AMD Radeon Graphics (RADV PHOENIX)
[2025-10-25T21:12:07Z INFO  wgpu_hal::vulkan::instance] 	objects: (type: INSTANCE, hndl: 0x55ce39f2baf0, name: ?)
[2025-10-25T21:12:07Z INFO  wgpu_hal::vulkan::instance] GENERAL [Loader Message (0x0)]
    	           [1] llvmpipe (LLVM 20.1.3, 256 bits)
[2025-10-25T21:12:07Z INFO  wgpu_hal::vulkan::instance] 	objects: (type: INSTANCE, hndl: 0x55ce39f2baf0, name: ?)
[2025-10-25T21:12:07Z INFO  wgpu_hal::vulkan::instance] GENERAL [Loader Message (0x0)]
    	     Sorted order:
[2025-10-25T21:12:07Z INFO  wgpu_hal::vulkan::instance] 	objects: (type: INSTANCE, hndl: 0x55ce39f2baf0, name: ?)
[2025-10-25T21:12:07Z INFO  wgpu_hal::vulkan::instance] GENERAL [Loader Message (0x0)]
    	           [0] AMD Radeon Graphics (RADV PHOENIX)  
[2025-10-25T21:12:07Z INFO  wgpu_hal::vulkan::instance] 	objects: (type: INSTANCE, hndl: 0x55ce39f2baf0, name: ?)
[2025-10-25T21:12:07Z INFO  wgpu_hal::vulkan::instance] GENERAL [Loader Message (0x0)]
    	           [1] llvmpipe (LLVM 20.1.3, 256 bits)  
[2025-10-25T21:12:07Z INFO  wgpu_hal::vulkan::instance] 	objects: (type: INSTANCE, hndl: 0x55ce39f2baf0, name: ?)
[2025-10-25T21:12:07Z INFO  wgpu_hal::vulkan::instance] GENERAL [Loader Message (0x0)]
    	linux_read_sorted_physical_devices:
[2025-10-25T21:12:07Z INFO  wgpu_hal::vulkan::instance] 	objects: (type: INSTANCE, hndl: 0x55ce39f2baf0, name: ?)
[2025-10-25T21:12:07Z INFO  wgpu_hal::vulkan::instance] GENERAL [Loader Message (0x0)]
    	     Original order:
[2025-10-25T21:12:07Z INFO  wgpu_hal::vulkan::instance] 	objects: (type: INSTANCE, hndl: 0x55ce39f2baf0, name: ?)
[2025-10-25T21:12:07Z INFO  wgpu_hal::vulkan::instance] GENERAL [Loader Message (0x0)]
    	           [0] AMD Radeon Graphics (RADV PHOENIX)
[2025-10-25T21:12:07Z INFO  wgpu_hal::vulkan::instance] 	objects: (type: INSTANCE, hndl: 0x55ce39f2baf0, name: ?)
[2025-10-25T21:12:07Z INFO  wgpu_hal::vulkan::instance] GENERAL [Loader Message (0x0)]
    	           [1] llvmpipe (LLVM 20.1.3, 256 bits)
[2025-10-25T21:12:07Z INFO  wgpu_hal::vulkan::instance] 	objects: (type: INSTANCE, hndl: 0x55ce39f2baf0, name: ?)
[2025-10-25T21:12:07Z INFO  wgpu_hal::vulkan::instance] GENERAL [Loader Message (0x0)]
    	     Sorted order:
[2025-10-25T21:12:07Z INFO  wgpu_hal::vulkan::instance] 	objects: (type: INSTANCE, hndl: 0x55ce39f2baf0, name: ?)
[2025-10-25T21:12:07Z INFO  wgpu_hal::vulkan::instance] GENERAL [Loader Message (0x0)]
    	           [0] AMD Radeon Graphics (RADV PHOENIX)  
[2025-10-25T21:12:07Z INFO  wgpu_hal::vulkan::instance] 	objects: (type: INSTANCE, hndl: 0x55ce39f2baf0, name: ?)
[2025-10-25T21:12:07Z INFO  wgpu_hal::vulkan::instance] GENERAL [Loader Message (0x0)]
    	           [1] llvmpipe (LLVM 20.1.3, 256 bits)  
[2025-10-25T21:12:07Z INFO  wgpu_hal::vulkan::instance] 	objects: (type: INSTANCE, hndl: 0x55ce39f2baf0, name: ?)
[2025-10-25T21:12:07Z INFO  wgpu_hal::vulkan::instance] Enabling debug utils
[2025-10-25T21:12:07Z INFO  wgpu_hal::gles::egl] Using Wayland platform
[2025-10-25T21:12:07Z INFO  rusty_renderer::backends::wgpu_backend] wgpu validation and debug enabled
[2025-10-25T21:12:07Z INFO  rusty_renderer::backends::wgpu_backend] Creating surface
[2025-10-25T21:12:07Z WARN  wgpu_hal::gles::egl] Re-initializing Gles context due to Wayland window
[2025-10-25T21:12:07Z INFO  rusty_renderer::backends::wgpu_backend] Requesting adapter
[2025-10-25T21:12:07Z INFO  wgpu_hal::vulkan::instance] GENERAL [Loader Message (0x0)]
    	linux_read_sorted_physical_devices:
[2025-10-25T21:12:07Z INFO  wgpu_hal::vulkan::instance] 	objects: (type: INSTANCE, hndl: 0x55ce39f2baf0, name: ?)
[2025-10-25T21:12:07Z INFO  wgpu_hal::vulkan::instance] GENERAL [Loader Message (0x0)]
    	     Original order:
[2025-10-25T21:12:07Z INFO  wgpu_hal::vulkan::instance] 	objects: (type: INSTANCE, hndl: 0x55ce39f2baf0, name: ?)
[2025-10-25T21:12:07Z INFO  wgpu_hal::vulkan::instance] GENERAL [Loader Message (0x0)]
    	           [0] AMD Radeon Graphics (RADV PHOENIX)
[2025-10-25T21:12:07Z INFO  wgpu_hal::vulkan::instance] 	objects: (type: INSTANCE, hndl: 0x55ce39f2baf0, name: ?)
[2025-10-25T21:12:07Z INFO  wgpu_hal::vulkan::instance] GENERAL [Loader Message (0x0)]
    	           [1] llvmpipe (LLVM 20.1.3, 256 bits)
[2025-10-25T21:12:07Z INFO  wgpu_hal::vulkan::instance] 	objects: (type: INSTANCE, hndl: 0x55ce39f2baf0, name: ?)
[2025-10-25T21:12:07Z INFO  wgpu_hal::vulkan::instance] GENERAL [Loader Message (0x0)]
    	     Sorted order:
[2025-10-25T21:12:07Z INFO  wgpu_hal::vulkan::instance] 	objects: (type: INSTANCE, hndl: 0x55ce39f2baf0, name: ?)
[2025-10-25T21:12:07Z INFO  wgpu_hal::vulkan::instance] GENERAL [Loader Message (0x0)]
    	           [0] AMD Radeon Graphics (RADV PHOENIX)  
[2025-10-25T21:12:07Z INFO  wgpu_hal::vulkan::instance] 	objects: (type: INSTANCE, hndl: 0x55ce39f2baf0, name: ?)
[2025-10-25T21:12:07Z INFO  wgpu_hal::vulkan::instance] GENERAL [Loader Message (0x0)]
    	           [1] llvmpipe (LLVM 20.1.3, 256 bits)  
[2025-10-25T21:12:07Z INFO  wgpu_hal::vulkan::instance] 	objects: (type: INSTANCE, hndl: 0x55ce39f2baf0, name: ?)
[2025-10-25T21:12:07Z INFO  wgpu_hal::vulkan::instance] GENERAL [Loader Message (0x0)]
    	linux_read_sorted_physical_devices:
[2025-10-25T21:12:07Z INFO  wgpu_hal::vulkan::instance] 	objects: (type: INSTANCE, hndl: 0x55ce39f2baf0, name: ?)
[2025-10-25T21:12:07Z INFO  wgpu_hal::vulkan::instance] GENERAL [Loader Message (0x0)]
    	     Original order:
[2025-10-25T21:12:07Z INFO  wgpu_hal::vulkan::instance] 	objects: (type: INSTANCE, hndl: 0x55ce39f2baf0, name: ?)
[2025-10-25T21:12:07Z INFO  wgpu_hal::vulkan::instance] GENERAL [Loader Message (0x0)]
    	           [0] AMD Radeon Graphics (RADV PHOENIX)
[2025-10-25T21:12:07Z INFO  wgpu_hal::vulkan::instance] 	objects: (type: INSTANCE, hndl: 0x55ce39f2baf0, name: ?)
[2025-10-25T21:12:07Z INFO  wgpu_hal::vulkan::instance] GENERAL [Loader Message (0x0)]
    	           [1] llvmpipe (LLVM 20.1.3, 256 bits)
[2025-10-25T21:12:07Z INFO  wgpu_hal::vulkan::instance] 	objects: (type: INSTANCE, hndl: 0x55ce39f2baf0, name: ?)
[2025-10-25T21:12:07Z INFO  wgpu_hal::vulkan::instance] GENERAL [Loader Message (0x0)]
    	     Sorted order:
[2025-10-25T21:12:07Z INFO  wgpu_hal::vulkan::instance] 	objects: (type: INSTANCE, hndl: 0x55ce39f2baf0, name: ?)
[2025-10-25T21:12:07Z INFO  wgpu_hal::vulkan::instance] GENERAL [Loader Message (0x0)]
    	           [0] AMD Radeon Graphics (RADV PHOENIX)  
[2025-10-25T21:12:07Z INFO  wgpu_hal::vulkan::instance] 	objects: (type: INSTANCE, hndl: 0x55ce39f2baf0, name: ?)
[2025-10-25T21:12:07Z INFO  wgpu_hal::vulkan::instance] GENERAL [Loader Message (0x0)]
    	           [1] llvmpipe (LLVM 20.1.3, 256 bits)  
[2025-10-25T21:12:07Z INFO  wgpu_hal::vulkan::instance] 	objects: (type: INSTANCE, hndl: 0x55ce39f2baf0, name: ?)
[2025-10-25T21:12:07Z INFO  wgpu_hal::vulkan::instance] GENERAL [Loader Message (0x0)]
    	linux_read_sorted_physical_devices:
[2025-10-25T21:12:07Z INFO  wgpu_hal::vulkan::instance] 	objects: (type: INSTANCE, hndl: 0x55ce39f2baf0, name: ?)
[2025-10-25T21:12:07Z INFO  wgpu_hal::vulkan::instance] GENERAL [Loader Message (0x0)]
    	     Original order:
[2025-10-25T21:12:07Z INFO  wgpu_hal::vulkan::instance] 	objects: (type: INSTANCE, hndl: 0x55ce39f2baf0, name: ?)
[2025-10-25T21:12:07Z INFO  wgpu_hal::vulkan::instance] GENERAL [Loader Message (0x0)]
    	           [0] AMD Radeon Graphics (RADV PHOENIX)
[2025-10-25T21:12:07Z INFO  wgpu_hal::vulkan::instance] 	objects: (type: INSTANCE, hndl: 0x55ce39f2baf0, name: ?)
[2025-10-25T21:12:07Z INFO  wgpu_hal::vulkan::instance] GENERAL [Loader Message (0x0)]
    	           [1] llvmpipe (LLVM 20.1.3, 256 bits)
[2025-10-25T21:12:07Z INFO  wgpu_hal::vulkan::instance] 	objects: (type: INSTANCE, hndl: 0x55ce39f2baf0, name: ?)
[2025-10-25T21:12:07Z INFO  wgpu_hal::vulkan::instance] GENERAL [Loader Message (0x0)]
    	     Sorted order:
[2025-10-25T21:12:07Z INFO  wgpu_hal::vulkan::instance] 	objects: (type: INSTANCE, hndl: 0x55ce39f2baf0, name: ?)
[2025-10-25T21:12:07Z INFO  wgpu_hal::vulkan::instance] GENERAL [Loader Message (0x0)]
    	           [0] AMD Radeon Graphics (RADV PHOENIX)  
[2025-10-25T21:12:07Z INFO  wgpu_hal::vulkan::instance] 	objects: (type: INSTANCE, hndl: 0x55ce39f2baf0, name: ?)
[2025-10-25T21:12:07Z INFO  wgpu_hal::vulkan::instance] GENERAL [Loader Message (0x0)]
    	           [1] llvmpipe (LLVM 20.1.3, 256 bits)  
[2025-10-25T21:12:07Z INFO  wgpu_hal::vulkan::instance] 	objects: (type: INSTANCE, hndl: 0x55ce39f2baf0, name: ?)
[2025-10-25T21:12:07Z INFO  wgpu_hal::vulkan::instance] GENERAL [Loader Message (0x0)]
    	linux_read_sorted_physical_devices:
[2025-10-25T21:12:07Z INFO  wgpu_hal::vulkan::instance] 	objects: (type: INSTANCE, hndl: 0x55ce39f2baf0, name: ?)
[2025-10-25T21:12:07Z INFO  wgpu_hal::vulkan::instance] GENERAL [Loader Message (0x0)]
    	     Original order:
[2025-10-25T21:12:07Z INFO  wgpu_hal::vulkan::instance] 	objects: (type: INSTANCE, hndl: 0x55ce39f2baf0, name: ?)
[2025-10-25T21:12:07Z INFO  wgpu_hal::vulkan::instance] GENERAL [Loader Message (0x0)]
    	           [0] AMD Radeon Graphics (RADV PHOENIX)
[2025-10-25T21:12:07Z INFO  wgpu_hal::vulkan::instance] 	objects: (type: INSTANCE, hndl: 0x55ce39f2baf0, name: ?)
[2025-10-25T21:12:07Z INFO  wgpu_hal::vulkan::instance] GENERAL [Loader Message (0x0)]
    	           [1] llvmpipe (LLVM 20.1.3, 256 bits)
[2025-10-25T21:12:07Z INFO  wgpu_hal::vulkan::instance] 	objects: (type: INSTANCE, hndl: 0x55ce39f2baf0, name: ?)
[2025-10-25T21:12:07Z INFO  wgpu_hal::vulkan::instance] GENERAL [Loader Message (0x0)]
    	     Sorted order:
[2025-10-25T21:12:07Z INFO  wgpu_hal::vulkan::instance] 	objects: (type: INSTANCE, hndl: 0x55ce39f2baf0, name: ?)
[2025-10-25T21:12:07Z INFO  wgpu_hal::vulkan::instance] GENERAL [Loader Message (0x0)]
    	           [0] AMD Radeon Graphics (RADV PHOENIX)  
[2025-10-25T21:12:07Z INFO  wgpu_hal::vulkan::instance] 	objects: (type: INSTANCE, hndl: 0x55ce39f2baf0, name: ?)
[2025-10-25T21:12:07Z INFO  wgpu_hal::vulkan::instance] GENERAL [Loader Message (0x0)]
    	           [1] llvmpipe (LLVM 20.1.3, 256 bits)  
[2025-10-25T21:12:07Z INFO  wgpu_hal::vulkan::instance] 	objects: (type: INSTANCE, hndl: 0x55ce39f2baf0, name: ?)
[2025-10-25T21:12:07Z INFO  wgpu_hal::vulkan::instance] GENERAL [Loader Message (0x0)]
    	Removing driver /usr/lib64/libvulkan_virtio.so due to not having any physical devices
[2025-10-25T21:12:07Z INFO  wgpu_hal::vulkan::instance] 	objects: (type: INSTANCE, hndl: 0x55ce39f2baf0, name: ?)
[2025-10-25T21:12:07Z INFO  wgpu_hal::vulkan::instance] GENERAL [Loader Message (0x0)]
    	Removing driver /usr/lib64/libvulkan_powervr_mesa.so due to not having any physical devices
[2025-10-25T21:12:07Z INFO  wgpu_hal::vulkan::instance] 	objects: (type: INSTANCE, hndl: 0x55ce39f2baf0, name: ?)
[2025-10-25T21:12:07Z INFO  wgpu_hal::vulkan::instance] GENERAL [Loader Message (0x0)]
    	Removing driver /usr/lib64/libvulkan_panfrost.so due to not having any physical devices
[2025-10-25T21:12:07Z INFO  wgpu_hal::vulkan::instance] 	objects: (type: INSTANCE, hndl: 0x55ce39f2baf0, name: ?)
[2025-10-25T21:12:07Z INFO  wgpu_hal::vulkan::instance] GENERAL [Loader Message (0x0)]
    	Removing driver /usr/lib64/libvulkan_nouveau.so due to not having any physical devices
[2025-10-25T21:12:07Z INFO  wgpu_hal::vulkan::instance] 	objects: (type: INSTANCE, hndl: 0x55ce39f2baf0, name: ?)
[2025-10-25T21:12:07Z INFO  wgpu_hal::vulkan::instance] GENERAL [Loader Message (0x0)]
    	Removing driver /usr/lib64/libvulkan_intel.so due to not having any physical devices
[2025-10-25T21:12:07Z INFO  wgpu_hal::vulkan::instance] 	objects: (type: INSTANCE, hndl: 0x55ce39f2baf0, name: ?)
[2025-10-25T21:12:07Z INFO  wgpu_hal::vulkan::instance] GENERAL [Loader Message (0x0)]
    	Removing driver /usr/lib64/libvulkan_intel_hasvk.so due to not having any physical devices
[2025-10-25T21:12:07Z INFO  wgpu_hal::vulkan::instance] 	objects: (type: INSTANCE, hndl: 0x55ce39f2baf0, name: ?)
[2025-10-25T21:12:07Z INFO  wgpu_hal::vulkan::instance] GENERAL [Loader Message (0x0)]
    	Removing driver /usr/lib64/libvulkan_freedreno.so due to not having any physical devices
[2025-10-25T21:12:07Z INFO  wgpu_hal::vulkan::instance] 	objects: (type: INSTANCE, hndl: 0x55ce39f2baf0, name: ?)
[2025-10-25T21:12:07Z INFO  wgpu_hal::vulkan::instance] GENERAL [Loader Message (0x0)]
    	Removing driver /usr/lib64/libvulkan_broadcom.so due to not having any physical devices
[2025-10-25T21:12:07Z INFO  wgpu_hal::vulkan::instance] 	objects: (type: INSTANCE, hndl: 0x55ce39f2baf0, name: ?)
[2025-10-25T21:12:07Z INFO  wgpu_hal::vulkan::instance] GENERAL [Loader Message (0x0)]
    	Removing driver /usr/lib64/libvulkan_asahi.so due to not having any physical devices
[2025-10-25T21:12:07Z INFO  wgpu_hal::vulkan::instance] 	objects: (type: INSTANCE, hndl: 0x55ce39f2baf0, name: ?)
[2025-10-25T21:12:07Z INFO  wgpu_core::instance] Adapter AdapterInfo { name: "AMD Radeon Graphics (RADV PHOENIX)", vendor: 4098, device: 5567, device_type: IntegratedGpu, driver: "radv", driver_info: "Mesa 25.1.0", backend: Vulkan }
[2025-10-25T21:12:07Z INFO  rusty_renderer::backends::wgpu_backend] Adapter: AdapterInfo { name: "AMD Radeon Graphics (RADV PHOENIX)", vendor: 4098, device: 5567, device_type: IntegratedGpu, driver: "radv", driver_info: "Mesa 25.1.0", backend: Vulkan }
[2025-10-25T21:12:07Z INFO  rusty_renderer::backends::wgpu_backend] Requesting device and queue
[2025-10-25T21:12:07Z INFO  wgpu_hal::vulkan::instance] GENERAL [Loader Message (0x0)]
    	Inserted device layer "VK_LAYER_KHRONOS_validation" (libVkLayer_khronos_validation.so)
[2025-10-25T21:12:07Z INFO  wgpu_hal::vulkan::instance] 	objects: (type: INSTANCE, hndl: 0x55ce39f2baf0, name: ?)
[2025-10-25T21:12:07Z INFO  wgpu_hal::vulkan::instance] GENERAL [Loader Message (0x0)]
    	Failed to find vkGetDeviceProcAddr in layer "libVkLayer_MESA_device_select.so"
[2025-10-25T21:12:07Z INFO  wgpu_hal::vulkan::instance] 	objects: (type: INSTANCE, hndl: 0x55ce39f2baf0, name: ?)
[2025-10-25T21:12:07Z INFO  wgpu_hal::vulkan::instance] GENERAL [Loader Message (0x0)]
    	vkCreateDevice layer callstack setup to:
[2025-10-25T21:12:07Z INFO  wgpu_hal::vulkan::instance] 	objects: (type: INSTANCE, hndl: 0x55ce39f2baf0, name: ?)
[2025-10-25T21:12:07Z INFO  wgpu_hal::vulkan::instance] GENERAL [Loader Message (0x0)]
    	   <Application>
[2025-10-25T21:12:07Z INFO  wgpu_hal::vulkan::instance] 	objects: (type: INSTANCE, hndl: 0x55ce39f2baf0, name: ?)
[2025-10-25T21:12:07Z INFO  wgpu_hal::vulkan::instance] GENERAL [Loader Message (0x0)]
    	     ||
[2025-10-25T21:12:07Z INFO  wgpu_hal::vulkan::instance] 	objects: (type: INSTANCE, hndl: 0x55ce39f2baf0, name: ?)
[2025-10-25T21:12:07Z INFO  wgpu_hal::vulkan::instance] GENERAL [Loader Message (0x0)]
    	   <Loader>
[2025-10-25T21:12:07Z INFO  wgpu_hal::vulkan::instance] 	objects: (type: INSTANCE, hndl: 0x55ce39f2baf0, name: ?)
[2025-10-25T21:12:07Z INFO  wgpu_hal::vulkan::instance] GENERAL [Loader Message (0x0)]
    	     ||
[2025-10-25T21:12:07Z INFO  wgpu_hal::vulkan::instance] 	objects: (type: INSTANCE, hndl: 0x55ce39f2baf0, name: ?)
[2025-10-25T21:12:07Z INFO  wgpu_hal::vulkan::instance] GENERAL [Loader Message (0x0)]
    	   VK_LAYER_KHRONOS_validation
[2025-10-25T21:12:07Z INFO  wgpu_hal::vulkan::instance] 	objects: (type: INSTANCE, hndl: 0x55ce39f2baf0, name: ?)
[2025-10-25T21:12:07Z INFO  wgpu_hal::vulkan::instance] GENERAL [Loader Message (0x0)]
    	           Type: Explicit
[2025-10-25T21:12:07Z INFO  wgpu_hal::vulkan::instance] 	objects: (type: INSTANCE, hndl: 0x55ce39f2baf0, name: ?)
[2025-10-25T21:12:07Z INFO  wgpu_hal::vulkan::instance] GENERAL [Loader Message (0x0)]
    	           Enabled By: By the Application
[2025-10-25T21:12:07Z INFO  wgpu_hal::vulkan::instance] 	objects: (type: INSTANCE, hndl: 0x55ce39f2baf0, name: ?)
[2025-10-25T21:12:07Z INFO  wgpu_hal::vulkan::instance] GENERAL [Loader Message (0x0)]
    	           Manifest: /usr/share/vulkan/explicit_layer.d/VkLayer_khronos_validation.json
[2025-10-25T21:12:07Z INFO  wgpu_hal::vulkan::instance] 	objects: (type: INSTANCE, hndl: 0x55ce39f2baf0, name: ?)
[2025-10-25T21:12:07Z INFO  wgpu_hal::vulkan::instance] GENERAL [Loader Message (0x0)]
    	           Library:  libVkLayer_khronos_validation.so
[2025-10-25T21:12:07Z INFO  wgpu_hal::vulkan::instance] 	objects: (type: INSTANCE, hndl: 0x55ce39f2baf0, name: ?)
[2025-10-25T21:12:07Z INFO  wgpu_hal::vulkan::instance] GENERAL [Loader Message (0x0)]
    	     ||
[2025-10-25T21:12:07Z INFO  wgpu_hal::vulkan::instance] 	objects: (type: INSTANCE, hndl: 0x55ce39f2baf0, name: ?)
[2025-10-25T21:12:07Z INFO  wgpu_hal::vulkan::instance] GENERAL [Loader Message (0x0)]
    	   <Device>
[2025-10-25T21:12:07Z INFO  wgpu_hal::vulkan::instance] 	objects: (type: INSTANCE, hndl: 0x55ce39f2baf0, name: ?)
[2025-10-25T21:12:07Z INFO  wgpu_hal::vulkan::instance] GENERAL [Loader Message (0x0)]
    	       Using "AMD Radeon Graphics (RADV PHOENIX)" with driver: "/usr/lib64/libvulkan_radeon.so"
[2025-10-25T21:12:07Z INFO  wgpu_hal::vulkan::instance] 	objects: (type: INSTANCE, hndl: 0x55ce39f2baf0, name: ?)
[2025-10-25T21:12:07Z INFO  rusty_renderer::backends::wgpu_backend] Device and queue created
[2025-10-25T21:12:07Z INFO  rusty_renderer::backends::wgpu_backend] Surface format: Bgra8UnormSrgb
[2025-10-25T21:12:07Z INFO  rusty_renderer::backends::wgpu_backend] Surface configured: 800x600
[2025-10-25T21:12:07Z INFO  rusty_renderer::backends::wgpu_backend] Created default texture sampler
[2025-10-25T21:12:07Z INFO  rusty_renderer::backends::wgpu_backend] Created default 1x1 white texture
[2025-10-25T21:12:07Z INFO  rusty_renderer::backends::wgpu_backend] Bind group layouts created (groups 0 and 1)
[2025-10-25T21:12:07Z INFO  rusty_renderer::backends::wgpu_backend] Creating wgpu render pipeline
[2025-10-25T21:12:07Z INFO  rusty_renderer::backends::wgpu_backend] Creating pipeline with 2 bind group layouts
[2025-10-25T21:12:07Z INFO  rusty_renderer::backends::wgpu_backend] Render pipeline created successfully
[2025-10-25T21:12:07Z INFO  rusty_renderer::backends::wgpu_backend] wgpu backend initialized successfully
[2025-10-25T21:12:07Z INFO  rusty_renderer::application::runner] Backend initialized with window
[2025-10-25T21:12:07Z INFO  rusty_renderer::pipelines::forward] Forward pipeline setup complete
[2025-10-25T21:12:07Z INFO  rusty_renderer::pipelines::forward] Created camera uniform buffer
[2025-10-25T21:12:07Z INFO  rusty_renderer::pipelines::forward] Lighting uniforms - ambient: [0.20, 0.20, 0.20], light_count: 2
[2025-10-25T21:12:07Z INFO  rusty_renderer::pipelines::forward] Light 0 - type: 0, dir/pos: [-0.26, -0.86, -0.43], color: [1.00, 1.00, 1.00], intensity: 0.80
[2025-10-25T21:12:07Z INFO  rusty_renderer::pipelines::forward] Light 1 - type: 1, dir/pos: [1.50, 1.00, 2.00], color: [1.00, 0.70, 0.30], intensity: 1.20
[2025-10-25T21:12:07Z INFO  rusty_renderer::pipelines::forward] Forward pipeline: 2 lights, ambient [0.2, 0.2, 0.2]
[2025-10-25T21:12:07Z INFO  rusty_renderer::pipelines::forward] ForwardPipeline: Building graph for scene 'Textured GLTF Cube' with 1 objects
[2025-10-25T21:12:07Z INFO  rusty_renderer::pipelines::forward] Creating default fallback texture and material
[2025-10-25T21:12:07Z INFO  rusty_renderer::pipelines::forward] Created default 1x1 white texture
[2025-10-25T21:12:07Z INFO  rusty_renderer::pipelines::forward] Created default material buffer
[2025-10-25T21:12:07Z INFO  rusty_renderer::pipelines::forward]   - Mesh 'TexturedCube': 36 vertices
[2025-10-25T21:12:07Z INFO  rusty_renderer::pipelines::forward]   - Using material 'CheckerboardMaterial' (index 0)
[2025-10-25T21:12:07Z INFO  rusty_renderer::pipelines::forward]   - Loading texture: /var/home/matpii01/rusty_renderer/assets/models/.gltf_cache/textured_cube_mat0_basecolor.png
[2025-10-25T21:12:07Z INFO  rusty_renderer::pipelines::forward] ForwardPipeline: Render graph built successfully
[2025-10-25T21:12:07Z INFO  rusty_renderer::application::runner] Render graph built
[2025-10-25T21:12:07Z INFO  rusty_renderer::application::runner] Render graph compiled: 1 passes
[2025-10-25T21:12:07Z INFO  rusty_renderer::passes::forward] Preparing forward rendering pass
[2025-10-25T21:12:07Z INFO  rusty_renderer::backends::wgpu_backend] WgpuPrepContext::prepare_uniform_buffer - binding 0, offset 0, size 64
[2025-10-25T21:12:07Z INFO  rusty_renderer::backends::wgpu_backend] WgpuPrepContext::prepare_uniform_buffer - binding 1, offset 0, size 400
[2025-10-25T21:12:07Z INFO  rusty_renderer::backends::wgpu_backend] WgpuPrepContext::prepare_uniform_buffer - binding 3, offset 0, size 32
[2025-10-25T21:12:07Z INFO  rusty_renderer::backends::wgpu_backend] WgpuPrepContext::prepare_texture - set 0, binding 2
[2025-10-25T21:12:07Z INFO  rusty_renderer::passes::forward] Stored push constant data in wgpu prep context
[2025-10-25T21:12:07Z INFO  rusty_renderer::passes::forward] Forward pass preparation complete
[2025-10-25T21:12:07Z INFO  rusty_renderer::backends::wgpu_backend] WgpuPrepContext::finalize - Creating bind groups
[2025-10-25T21:12:07Z INFO  rusty_renderer::backends::wgpu_backend] Finalize: Adding uniform buffer at binding 0
[2025-10-25T21:12:07Z INFO  rusty_renderer::backends::wgpu_backend] Finalize: Adding uniform buffer at binding 1
[2025-10-25T21:12:07Z INFO  rusty_renderer::backends::wgpu_backend] Finalize: Adding uniform buffer at binding 3
[2025-10-25T21:12:07Z INFO  rusty_renderer::backends::wgpu_backend] Finalize: Adding texture at binding 2
[2025-10-25T21:12:07Z INFO  rusty_renderer::backends::wgpu_backend] Finalize: Adding sampler at binding 4
[2025-10-25T21:12:07Z INFO  rusty_renderer::backends::wgpu_backend] Finalize: Creating bind group 0 with 5 entries
[2025-10-25T21:12:07Z INFO  rusty_renderer::backends::wgpu_backend] Finalize: push_data.len() = 128
[2025-10-25T21:12:07Z INFO  rusty_renderer::backends::wgpu_backend] Finalize: Creating bind group 1 for transform
[2025-10-25T21:12:07Z INFO  rusty_renderer::backends::wgpu_backend] Finalize: Bind group 1 created
[2025-10-25T21:12:07Z INFO  rusty_renderer::backends::wgpu_backend] Setting render pipeline BEFORE context
[2025-10-25T21:12:07Z INFO  rusty_renderer::backends::wgpu_backend] Setting 2 bind groups BEFORE context
[2025-10-25T21:12:07Z INFO  rusty_renderer::backends::wgpu_backend] Setting bind group 0 at index 0
[2025-10-25T21:12:07Z INFO  rusty_renderer::backends::wgpu_backend] Setting bind group 1 at index 1
[2025-10-25T21:12:07Z INFO  rusty_renderer::passes::forward] Executing forward rendering pass with 36 vertices
[2025-10-25T21:12:07Z INFO  rusty_renderer::passes::forward] Model matrix: [1.00, -0.00, 0.00, 0.00]
[2025-10-25T21:12:07Z INFO  rusty_renderer::passes::forward] Normal matrix: [1.00, 0.00, 0.00, 0.00]
[2025-10-25T21:12:07Z INFO  rusty_renderer::passes::forward] Push constants uploaded (model + normal matrices)
[2025-10-25T21:12:07Z INFO  rusty_renderer::passes::forward] Camera uniforms bound
[2025-10-25T21:12:07Z INFO  rusty_renderer::passes::forward] Lighting uniforms bound
[2025-10-25T21:12:07Z INFO  rusty_renderer::passes::forward] Material uniforms bound
[2025-10-25T21:12:07Z INFO  rusty_renderer::passes::forward] Texture bound
[2025-10-25T21:12:07Z INFO  rusty_renderer::backends::wgpu_backend] WgpuPassContext: Collecting vertex buffer at binding 0
[2025-10-25T21:12:07Z INFO  rusty_renderer::backends::wgpu_backend] WgpuPassContext: vertex_buffers now has 1 entries
[2025-10-25T21:12:07Z INFO  rusty_renderer::passes::forward] Vertex buffer bound
[2025-10-25T21:12:07Z INFO  rusty_renderer::backends::wgpu_backend] WgpuPassContext::draw - COLLECTING draw call: 36 vertices
[2025-10-25T21:12:07Z INFO  rusty_renderer::passes::forward] Forward pass completed successfully
[2025-10-25T21:12:07Z INFO  rusty_renderer::backends::wgpu_backend] Binding 1 collected vertex buffers on original reference
[2025-10-25T21:12:07Z INFO  rusty_renderer::backends::wgpu_backend] Binding vertex buffer at slot 0
[2025-10-25T21:12:07Z INFO  rusty_renderer::backends::wgpu_backend] RE-SETTING 2 bind groups after context
[2025-10-25T21:12:07Z INFO  rusty_renderer::backends::wgpu_backend] Executing 1 collected draw calls
[2025-10-25T21:12:07Z INFO  rusty_renderer::backends::wgpu_backend] Current bind_groups count: 2
[2025-10-25T21:12:07Z INFO  rusty_renderer::backends::wgpu_backend] Drawing 36 vertices
[2025-10-25T21:12:07Z INFO  rusty_renderer::backends::wgpu_backend] All passes executed, render pass about to end
[2025-10-25T21:12:07Z INFO  rusty_renderer::passes::forward] Preparing forward rendering pass
[2025-10-25T21:12:07Z INFO  rusty_renderer::backends::wgpu_backend] WgpuPrepContext::prepare_uniform_buffer - binding 0, offset 0, size 64
[2025-10-25T21:12:07Z INFO  rusty_renderer::backends::wgpu_backend] WgpuPrepContext::prepare_uniform_buffer - binding 1, offset 0, size 400
[2025-10-25T21:12:07Z INFO  rusty_renderer::backends::wgpu_backend] WgpuPrepContext::prepare_uniform_buffer - binding 3, offset 0, size 32
[2025-10-25T21:12:07Z INFO  rusty_renderer::backends::wgpu_backend] WgpuPrepContext::prepare_texture - set 0, binding 2
[2025-10-25T21:12:07Z INFO  rusty_renderer::passes::forward] Stored push constant data in wgpu prep context
[2025-10-25T21:12:07Z INFO  rusty_renderer::passes::forward] Forward pass preparation complete
[2025-10-25T21:12:07Z INFO  rusty_renderer::backends::wgpu_backend] WgpuPrepContext::finalize - Creating bind groups
[2025-10-25T21:12:07Z INFO  rusty_renderer::backends::wgpu_backend] Finalize: Adding uniform buffer at binding 0
[2025-10-25T21:12:07Z INFO  rusty_renderer::backends::wgpu_backend] Finalize: Adding uniform buffer at binding 1
[2025-10-25T21:12:07Z INFO  rusty_renderer::backends::wgpu_backend] Finalize: Adding uniform buffer at binding 3
[2025-10-25T21:12:07Z INFO  rusty_renderer::backends::wgpu_backend] Finalize: Adding texture at binding 2
[2025-10-25T21:12:07Z INFO  rusty_renderer::backends::wgpu_backend] Finalize: Adding sampler at binding 4
[2025-10-25T21:12:07Z INFO  rusty_renderer::backends::wgpu_backend] Finalize: Creating bind group 0 with 5 entries
[2025-10-25T21:12:07Z INFO  rusty_renderer::backends::wgpu_backend] Finalize: push_data.len() = 128
[2025-10-25T21:12:07Z INFO  rusty_renderer::backends::wgpu_backend] Finalize: Creating bind group 1 for transform
[2025-10-25T21:12:07Z INFO  rusty_renderer::backends::wgpu_backend] Finalize: Bind group 1 created
[2025-10-25T21:12:07Z INFO  rusty_renderer::backends::wgpu_backend] Setting render pipeline BEFORE context
[2025-10-25T21:12:07Z INFO  rusty_renderer::backends::wgpu_backend] Setting 2 bind groups BEFORE context
[2025-10-25T21:12:07Z INFO  rusty_renderer::backends::wgpu_backend] Setting bind group 0 at index 0
[2025-10-25T21:12:07Z INFO  rusty_renderer::backends::wgpu_backend] Setting bind group 1 at index 1
[2025-10-25T21:12:07Z INFO  rusty_renderer::passes::forward] Executing forward rendering pass with 36 vertices
[2025-10-25T21:12:07Z INFO  rusty_renderer::passes::forward] Model matrix: [1.00, -0.00, 0.00, 0.00]
[2025-10-25T21:12:07Z INFO  rusty_renderer::passes::forward] Normal matrix: [1.00, 0.00, 0.00, 0.00]
[2025-10-25T21:12:07Z INFO  rusty_renderer::passes::forward] Push constants uploaded (model + normal matrices)
[2025-10-25T21:12:07Z INFO  rusty_renderer::passes::forward] Camera uniforms bound
[2025-10-25T21:12:07Z INFO  rusty_renderer::passes::forward] Lighting uniforms bound
[2025-10-25T21:12:07Z INFO  rusty_renderer::passes::forward] Material uniforms bound
[2025-10-25T21:12:07Z INFO  rusty_renderer::passes::forward] Texture bound
[2025-10-25T21:12:07Z INFO  rusty_renderer::backends::wgpu_backend] WgpuPassContext: Collecting vertex buffer at binding 0
[2025-10-25T21:12:07Z INFO  rusty_renderer::backends::wgpu_backend] WgpuPassContext: vertex_buffers now has 1 entries
[2025-10-25T21:12:07Z INFO  rusty_renderer::passes::forward] Vertex buffer bound
[2025-10-25T21:12:07Z INFO  rusty_renderer::backends::wgpu_backend] WgpuPassContext::draw - COLLECTING draw call: 36 vertices
[2025-10-25T21:12:07Z INFO  rusty_renderer::passes::forward] Forward pass completed successfully
[2025-10-25T21:12:07Z INFO  rusty_renderer::backends::wgpu_backend] Binding 1 collected vertex buffers on original reference
[2025-10-25T21:12:07Z INFO  rusty_renderer::backends::wgpu_backend] Binding vertex buffer at slot 0
[2025-10-25T21:12:07Z INFO  rusty_renderer::backends::wgpu_backend] RE-SETTING 2 bind groups after context
[2025-10-25T21:12:07Z INFO  rusty_renderer::backends::wgpu_backend] Executing 1 collected draw calls
[2025-10-25T21:12:07Z INFO  rusty_renderer::backends::wgpu_backend] Current bind_groups count: 2
[2025-10-25T21:12:07Z INFO  rusty_renderer::backends::wgpu_backend] Drawing 36 vertices
[2025-10-25T21:12:07Z INFO  rusty_renderer::backends::wgpu_backend] All passes executed, render pass about to end
[2025-10-25T21:12:07Z INFO  rusty_renderer::passes::forward] Preparing forward rendering pass
[2025-10-25T21:12:07Z INFO  rusty_renderer::backends::wgpu_backend] WgpuPrepContext::prepare_uniform_buffer - binding 0, offset 0, size 64
[2025-10-25T21:12:07Z INFO  rusty_renderer::backends::wgpu_backend] WgpuPrepContext::prepare_uniform_buffer - binding 1, offset 0, size 400
[2025-10-25T21:12:07Z INFO  rusty_renderer::backends::wgpu_backend] WgpuPrepContext::prepare_uniform_buffer - binding 3, offset 0, size 32
[2025-10-25T21:12:07Z INFO  rusty_renderer::backends::wgpu_backend] WgpuPrepContext::prepare_texture - set 0, binding 2
[2025-10-25T21:12:07Z INFO  rusty_renderer::passes::forward] Stored push constant data in wgpu prep context
[2025-10-25T21:12:07Z INFO  rusty_renderer::passes::forward] Forward pass preparation complete
[2025-10-25T21:12:07Z INFO  rusty_renderer::backends::wgpu_backend] WgpuPrepContext::finalize - Creating bind groups
[2025-10-25T21:12:07Z INFO  rusty_renderer::backends::wgpu_backend] Finalize: Adding uniform buffer at binding 0
[2025-10-25T21:12:07Z INFO  rusty_renderer::backends::wgpu_backend] Finalize: Adding uniform buffer at binding 1
[2025-10-25T21:12:07Z INFO  rusty_renderer::backends::wgpu_backend] Finalize: Adding uniform buffer at binding 3
[2025-10-25T21:12:07Z INFO  rusty_renderer::backends::wgpu_backend] Finalize: Adding texture at binding 2
[2025-10-25T21:12:07Z INFO  rusty_renderer::backends::wgpu_backend] Finalize: Adding sampler at binding 4
[2025-10-25T21:12:07Z INFO  rusty_renderer::backends::wgpu_backend] Finalize: Creating bind group 0 with 5 entries
[2025-10-25T21:12:07Z INFO  rusty_renderer::backends::wgpu_backend] Finalize: push_data.len() = 128
[2025-10-25T21:12:07Z INFO  rusty_renderer::backends::wgpu_backend] Finalize: Creating bind group 1 for transform
[2025-10-25T21:12:07Z INFO  rusty_renderer::backends::wgpu_backend] Finalize: Bind group 1 created
[2025-10-25T21:12:07Z INFO  rusty_renderer::backends::wgpu_backend] Setting render pipeline BEFORE context
[2025-10-25T21:12:07Z INFO  rusty_renderer::backends::wgpu_backend] Setting 2 bind groups BEFORE context
[2025-10-25T21:12:07Z INFO  rusty_renderer::backends::wgpu_backend] Setting bind group 0 at index 0
[2025-10-25T21:12:07Z INFO  rusty_renderer::backends::wgpu_backend] Setting bind group 1 at index 1
[2025-10-25T21:12:07Z INFO  rusty_renderer::passes::forward] Executing forward rendering pass with 36 vertices
[2025-10-25T21:12:07Z INFO  rusty_renderer::passes::forward] Model matrix: [1.00, -0.00, 0.00, 0.00]
[2025-10-25T21:12:07Z INFO  rusty_renderer::passes::forward] Normal matrix: [1.00, 0.00, 0.00, 0.00]
[2025-10-25T21:12:07Z INFO  rusty_renderer::passes::forward] Push constants uploaded (model + normal matrices)
[2025-10-25T21:12:07Z INFO  rusty_renderer::passes::forward] Camera uniforms bound
[2025-10-25T21:12:07Z INFO  rusty_renderer::passes::forward] Lighting uniforms bound
[2025-10-25T21:12:07Z INFO  rusty_renderer::passes::forward] Material uniforms bound
[2025-10-25T21:12:07Z INFO  rusty_renderer::passes::forward] Texture bound
[2025-10-25T21:12:07Z INFO  rusty_renderer::backends::wgpu_backend] WgpuPassContext: Collecting vertex buffer at binding 0
[2025-10-25T21:12:07Z INFO  rusty_renderer::backends::wgpu_backend] WgpuPassContext: vertex_buffers now has 1 entries
[2025-10-25T21:12:07Z INFO  rusty_renderer::passes::forward] Vertex buffer bound
[2025-10-25T21:12:07Z INFO  rusty_renderer::backends::wgpu_backend] WgpuPassContext::draw - COLLECTING draw call: 36 vertices
[2025-10-25T21:12:07Z INFO  rusty_renderer::passes::forward] Forward pass completed successfully
[2025-10-25T21:12:07Z INFO  rusty_renderer::backends::wgpu_backend] Binding 1 collected vertex buffers on original reference
[2025-10-25T21:12:07Z INFO  rusty_renderer::backends::wgpu_backend] Binding vertex buffer at slot 0
[2025-10-25T21:12:07Z INFO  rusty_renderer::backends::wgpu_backend] RE-SETTING 2 bind groups after context
[2025-10-25T21:12:07Z INFO  rusty_renderer::backends::wgpu_backend] Executing 1 collected draw calls
[2025-10-25T21:12:07Z INFO  rusty_renderer::backends::wgpu_backend] Current bind_groups count: 2
[2025-10-25T21:12:07Z INFO  rusty_renderer::backends::wgpu_backend] Drawing 36 vertices
[2025-10-25T21:12:07Z INFO  rusty_renderer::backends::wgpu_backend] All passes executed, render pass about to end
[2025-10-25T21:12:07Z INFO  rusty_renderer::passes::forward] Preparing forward rendering pass
[2025-10-25T21:12:07Z INFO  rusty_renderer::backends::wgpu_backend] WgpuPrepContext::prepare_uniform_buffer - binding 0, offset 0, size 64
[2025-10-25T21:12:07Z INFO  rusty_renderer::backends::wgpu_backend] WgpuPrepContext::prepare_uniform_buffer - binding 1, offset 0, size 400
[2025-10-25T21:12:07Z INFO  rusty_renderer::backends::wgpu_backend] WgpuPrepContext::prepare_uniform_buffer - binding 3, offset 0, size 32
[2025-10-25T21:12:07Z INFO  rusty_renderer::backends::wgpu_backend] WgpuPrepContext::prepare_texture - set 0, binding 2
[2025-10-25T21:12:07Z INFO  rusty_renderer::passes::forward] Stored push constant data in wgpu prep context
[2025-10-25T21:12:07Z INFO  rusty_renderer::passes::forward] Forward pass preparation complete
[2025-10-25T21:12:07Z INFO  rusty_renderer::backends::wgpu_backend] WgpuPrepContext::finalize - Creating bind groups
[2025-10-25T21:12:07Z INFO  rusty_renderer::backends::wgpu_backend] Finalize: Adding uniform buffer at binding 0
[2025-10-25T21:12:07Z INFO  rusty_renderer::backends::wgpu_backend] Finalize: Adding uniform buffer at binding 1
[2025-10-25T21:12:07Z INFO  rusty_renderer::backends::wgpu_backend] Finalize: Adding uniform buffer at binding 3
[2025-10-25T21:12:07Z INFO  rusty_renderer::backends::wgpu_backend] Finalize: Adding texture at binding 2
[2025-10-25T21:12:07Z INFO  rusty_renderer::backends::wgpu_backend] Finalize: Adding sampler at binding 4
[2025-10-25T21:12:07Z INFO  rusty_renderer::backends::wgpu_backend] Finalize: Creating bind group 0 with 5 entries
[2025-10-25T21:12:07Z INFO  rusty_renderer::backends::wgpu_backend] Finalize: push_data.len() = 128
[2025-10-25T21:12:07Z INFO  rusty_renderer::backends::wgpu_backend] Finalize: Creating bind group 1 for transform
[2025-10-25T21:12:07Z INFO  rusty_renderer::backends::wgpu_backend] Finalize: Bind group 1 created
[2025-10-25T21:12:07Z INFO  rusty_renderer::backends::wgpu_backend] Setting render pipeline BEFORE context
[2025-10-25T21:12:07Z INFO  rusty_renderer::backends::wgpu_backend] Setting 2 bind groups BEFORE context
[2025-10-25T21:12:07Z INFO  rusty_renderer::backends::wgpu_backend] Setting bind group 0 at index 0
[2025-10-25T21:12:07Z INFO  rusty_renderer::backends::wgpu_backend] Setting bind group 1 at index 1
[2025-10-25T21:12:07Z INFO  rusty_renderer::passes::forward] Executing forward rendering pass with 36 vertices
[2025-10-25T21:12:07Z INFO  rusty_renderer::passes::forward] Model matrix: [1.00, -0.00, 0.00, 0.00]
[2025-10-25T21:12:07Z INFO  rusty_renderer::passes::forward] Normal matrix: [1.00, 0.00, 0.00, 0.00]
[2025-10-25T21:12:07Z INFO  rusty_renderer::passes::forward] Push constants uploaded (model + normal matrices)
[2025-10-25T21:12:07Z INFO  rusty_renderer::passes::forward] Camera uniforms bound
[2025-10-25T21:12:07Z INFO  rusty_renderer::passes::forward] Lighting uniforms bound
[2025-10-25T21:12:07Z INFO  rusty_renderer::passes::forward] Material uniforms bound
[2025-10-25T21:12:07Z INFO  rusty_renderer::passes::forward] Texture bound
[2025-10-25T21:12:07Z INFO  rusty_renderer::backends::wgpu_backend] WgpuPassContext: Collecting vertex buffer at binding 0
[2025-10-25T21:12:07Z INFO  rusty_renderer::backends::wgpu_backend] WgpuPassContext: vertex_buffers now has 1 entries
[2025-10-25T21:12:07Z INFO  rusty_renderer::passes::forward] Vertex buffer bound
[2025-10-25T21:12:07Z INFO  rusty_renderer::backends::wgpu_backend] WgpuPassContext::draw - COLLECTING draw call: 36 vertices
[2025-10-25T21:12:07Z INFO  rusty_renderer::passes::forward] Forward pass completed successfully
[2025-10-25T21:12:07Z INFO  rusty_renderer::backends::wgpu_backend] Binding 1 collected vertex buffers on original reference
[2025-10-25T21:12:07Z INFO  rusty_renderer::backends::wgpu_backend] Binding vertex buffer at slot 0
[2025-10-25T21:12:07Z INFO  rusty_renderer::backends::wgpu_backend] RE-SETTING 2 bind groups after context
[2025-10-25T21:12:07Z INFO  rusty_renderer::backends::wgpu_backend] Executing 1 collected draw calls
[2025-10-25T21:12:07Z INFO  rusty_renderer::backends::wgpu_backend] Current bind_groups count: 2
[2025-10-25T21:12:07Z INFO  rusty_renderer::backends::wgpu_backend] Drawing 36 vertices
[2025-10-25T21:12:07Z INFO  rusty_renderer::backends::wgpu_backend] All passes executed, render pass about to end
[2025-10-25T21:12:08Z WARN  rusty_renderer::backends::wgpu_backend] Surface texture acquisition timeout - reconfiguring surface
