warning: rusty_renderer@0.1.0: Compiling shaders with glslangValidator
warning: rusty_renderer@0.1.0: Shaders compiled successfully with glslangValidator
warning: rusty_renderer@0.1.0: Shaders validated successfully with spirv-val
warning: unused import: `std::mem`
 --> src/backends/vulkan/shaders.rs:6:5
  |
6 | use std::mem;
  |     ^^^^^^^^
  |
  = note: `#[warn(unused_imports)]` on by default

warning: unused variable: `buffer_ref`
    --> src/backends/wgpu_backend/mod.rs:1869:13
     |
1869 |         let buffer_ref = unsafe { &*(buffer_ptr as *const WgpuBuffer) };
     |             ^^^^^^^^^^ help: if this is intentional, prefix it with an underscore: `_buffer_ref`
     |
     = note: `#[warn(unused_variables)]` on by default

warning: unused variable: `wgpu_index_format`
    --> src/backends/wgpu_backend/mod.rs:1871:13
     |
1871 |         let wgpu_index_format = match index_type {
     |             ^^^^^^^^^^^^^^^^^ help: if this is intentional, prefix it with an underscore: `_wgpu_index_format`

warning: unused variable: `offset`
    --> src/backends/wgpu_backend/mod.rs:1865:9
     |
1865 |         offset: u64,
     |         ^^^^^^ help: if this is intentional, prefix it with an underscore: `_offset`

warning: unused variable: `index_count`
    --> src/backends/wgpu_backend/mod.rs:1897:9
     |
1897 |         index_count: u32,
     |         ^^^^^^^^^^^ help: if this is intentional, prefix it with an underscore: `_index_count`

warning: unused variable: `instance_count`
    --> src/backends/wgpu_backend/mod.rs:1898:9
     |
1898 |         instance_count: u32,
     |         ^^^^^^^^^^^^^^ help: if this is intentional, prefix it with an underscore: `_instance_count`

warning: unused variable: `first_index`
    --> src/backends/wgpu_backend/mod.rs:1899:9
     |
1899 |         first_index: u32,
     |         ^^^^^^^^^^^ help: if this is intentional, prefix it with an underscore: `_first_index`

warning: unused variable: `first_instance`
    --> src/backends/wgpu_backend/mod.rs:1901:9
     |
1901 |         first_instance: u32,
     |         ^^^^^^^^^^^^^^ help: if this is intentional, prefix it with an underscore: `_first_instance`

warning: constant `VERTEX_SHADER` is never used
  --> src/backends/vulkan/shaders.rs:30:11
   |
30 | pub const VERTEX_SHADER: &[u32] = &[
   |           ^^^^^^^^^^^^^
   |
   = note: `#[warn(dead_code)]` on by default

warning: constant `FRAGMENT_SHADER` is never used
  --> src/backends/vulkan/shaders.rs:80:11
   |
80 | pub const FRAGMENT_SHADER: &[u32] = &[
   |           ^^^^^^^^^^^^^^^

warning: field `frame_count` is never read
  --> src/backends/wgpu_backend/mod.rs:56:5
   |
18 | pub struct WgpuBackend {
   |            ----------- field in this struct
...
56 |     frame_count: u64,
   |     ^^^^^^^^^^^

warning: `rusty_renderer` (lib) generated 11 warnings (run `cargo fix --lib -p rusty_renderer` to apply 1 suggestion)
   Compiling rusty_renderer v0.1.0 (/var/home/matpii01/rusty_renderer)
